Component: ARM Compiler 5.06 update 7 (build 960) Tool: armlink [4d3601]

==============================================================================

Section Cross References

    startup_stm32f405xx.o(STACK) refers (Special) to heapauxi.o(.text) for __use_two_region_memory
    startup_stm32f405xx.o(HEAP) refers (Special) to heapauxi.o(.text) for __use_two_region_memory
    startup_stm32f405xx.o(RESET) refers (Special) to heapauxi.o(.text) for __use_two_region_memory
    startup_stm32f405xx.o(RESET) refers to startup_stm32f405xx.o(STACK) for __initial_sp
    startup_stm32f405xx.o(RESET) refers to startup_stm32f405xx.o(.text) for Reset_Handler
    startup_stm32f405xx.o(RESET) refers to stm32f4xx_it.o(i.NMI_Handler) for NMI_Handler
    startup_stm32f405xx.o(RESET) refers to stm32f4xx_it.o(i.HardFault_Handler) for HardFault_Handler
    startup_stm32f405xx.o(RESET) refers to stm32f4xx_it.o(i.MemManage_Handler) for MemManage_Handler
    startup_stm32f405xx.o(RESET) refers to stm32f4xx_it.o(i.BusFault_Handler) for BusFault_Handler
    startup_stm32f405xx.o(RESET) refers to stm32f4xx_it.o(i.UsageFault_Handler) for UsageFault_Handler
    startup_stm32f405xx.o(RESET) refers to port.o(.emb_text) for SVC_Handler
    startup_stm32f405xx.o(RESET) refers to stm32f4xx_it.o(i.DebugMon_Handler) for DebugMon_Handler
    startup_stm32f405xx.o(RESET) refers to cmsis_os2.o(i.SysTick_Handler) for SysTick_Handler
    startup_stm32f405xx.o(RESET) refers to stm32f4xx_it.o(i.CAN1_TX_IRQHandler) for CAN1_TX_IRQHandler
    startup_stm32f405xx.o(RESET) refers to stm32f4xx_it.o(i.CAN1_RX0_IRQHandler) for CAN1_RX0_IRQHandler
    startup_stm32f405xx.o(RESET) refers to stm32f4xx_it.o(i.CAN1_RX1_IRQHandler) for CAN1_RX1_IRQHandler
    startup_stm32f405xx.o(RESET) refers to stm32f4xx_it.o(i.TIM1_UP_TIM10_IRQHandler) for TIM1_UP_TIM10_IRQHandler
    startup_stm32f405xx.o(RESET) refers to stm32f4xx_it.o(i.TIM2_IRQHandler) for TIM2_IRQHandler
    startup_stm32f405xx.o(RESET) refers to stm32f4xx_it.o(i.TIM3_IRQHandler) for TIM3_IRQHandler
    startup_stm32f405xx.o(RESET) refers to stm32f4xx_it.o(i.CAN2_TX_IRQHandler) for CAN2_TX_IRQHandler
    startup_stm32f405xx.o(RESET) refers to stm32f4xx_it.o(i.CAN2_RX0_IRQHandler) for CAN2_RX0_IRQHandler
    startup_stm32f405xx.o(RESET) refers to stm32f4xx_it.o(i.CAN2_RX1_IRQHandler) for CAN2_RX1_IRQHandler
    startup_stm32f405xx.o(.text) refers (Special) to heapauxi.o(.text) for __use_two_region_memory
    startup_stm32f405xx.o(.text) refers to system_stm32f4xx.o(i.SystemInit) for SystemInit
    startup_stm32f405xx.o(.text) refers to __main.o(!!!main) for __main
    startup_stm32f405xx.o(.text) refers to startup_stm32f405xx.o(HEAP) for Heap_Mem
    startup_stm32f405xx.o(.text) refers to startup_stm32f405xx.o(STACK) for Stack_Mem
    led.o(i.LED_Flow) refers to stm32f4xx_hal_gpio.o(i.HAL_GPIO_WritePin) for HAL_GPIO_WritePin
    led.o(i.LED_Flow) refers to stm32f4xx_hal.o(i.HAL_Delay) for HAL_Delay
    main.o(i.HAL_CAN_RxFifo0MsgPendingCallback) refers to stm32f4xx_hal_can.o(i.HAL_CAN_GetRxMessage) for HAL_CAN_GetRxMessage
    main.o(i.HAL_CAN_RxFifo0MsgPendingCallback) refers to zdrive.o(i.ZDrive_ReceiveHandler) for ZDrive_ReceiveHandler
    main.o(i.HAL_CAN_RxFifo0MsgPendingCallback) refers to dj.o(i.djreceivedata_can2) for djreceivedata_can2
    main.o(i.HAL_CAN_RxFifo0MsgPendingCallback) refers to zdrive.o(.data) for RxData
    main.o(i.HAL_CAN_RxFifo0MsgPendingCallback) refers to zdrive.o(.bss) for Z_RxHeader
    main.o(i.HAL_CAN_RxFifo0MsgPendingCallback) refers to dj.o(.data) for Rxmessage
    main.o(i.HAL_CAN_RxFifo0MsgPendingCallback) refers to dj.o(.bss) for Rxmsg
    main.o(i.HAL_TIM_PeriodElapsedCallback) refers to stm32f4xx_hal.o(i.HAL_IncTick) for HAL_IncTick
    main.o(i.HAL_TIM_PeriodElapsedCallback) refers to zdrive.o(i.ZDrive_Func) for ZDrive_Func
    main.o(i.HAL_TIM_PeriodElapsedCallback) refers to zdrive.o(i.CAN_Queue_Pop) for CAN_Queue_Pop
    main.o(i.HAL_TIM_PeriodElapsedCallback) refers to dj.o(i.djfunc) for djfunc
    main.o(i.HAL_TIM_PeriodElapsedCallback) refers to zdrive.o(.bss) for ZDrive_Queue
    main.o(i.SystemClock_Config) refers to rt_memclr_w.o(.text) for __aeabi_memclr4
    main.o(i.SystemClock_Config) refers to stm32f4xx_hal_rcc.o(i.HAL_RCC_OscConfig) for HAL_RCC_OscConfig
    main.o(i.SystemClock_Config) refers to stm32f4xx_hal_rcc.o(i.HAL_RCC_ClockConfig) for HAL_RCC_ClockConfig
    main.o(i.main) refers to stm32f4xx_hal.o(i.HAL_Init) for HAL_Init
    main.o(i.main) refers to main.o(i.SystemClock_Config) for SystemClock_Config
    main.o(i.main) refers to gpio.o(i.MX_GPIO_Init) for MX_GPIO_Init
    main.o(i.main) refers to can.o(i.MX_CAN1_Init) for MX_CAN1_Init
    main.o(i.main) refers to can.o(i.MX_CAN2_Init) for MX_CAN2_Init
    main.o(i.main) refers to tim.o(i.MX_TIM2_Init) for MX_TIM2_Init
    main.o(i.main) refers to tim.o(i.MX_TIM3_Init) for MX_TIM3_Init
    main.o(i.main) refers to zdrive.o(i.CAN_Queue_Init) for CAN_Queue_Init
[...]
    i.osDelay                                0x08002e24   Section        0  cmsis_os2.o(i.osDelay)
    i.osKernelInitialize                     0x08002e40   Section        0  cmsis_os2.o(i.osKernelInitialize)
    i.osKernelStart                          0x08002e64   Section        0  cmsis_os2.o(i.osKernelStart)
    i.osThreadNew                            0x08002e9c   Section        0  cmsis_os2.o(i.osThreadNew)
    i.prvAddCurrentTaskToDelayedList         0x08002f28   Section        0  tasks.o(i.prvAddCurrentTaskToDelayedList)
    prvAddCurrentTaskToDelayedList           0x08002f29   Thumb Code    84  tasks.o(i.prvAddCurrentTaskToDelayedList)
    i.prvAddNewTaskToReadyList               0x08002f84   Section        0  tasks.o(i.prvAddNewTaskToReadyList)
    prvAddNewTaskToReadyList                 0x08002f85   Thumb Code   190  tasks.o(i.prvAddNewTaskToReadyList)
    i.prvCheckForValidListAndQueue           0x08003054   Section        0  timers.o(i.prvCheckForValidListAndQueue)
    prvCheckForValidListAndQueue             0x08003055   Thumb Code    72  timers.o(i.prvCheckForValidListAndQueue)
    i.prvCopyDataFromQueue                   0x080030ac   Section        0  queue.o(i.prvCopyDataFromQueue)
    prvCopyDataFromQueue                     0x080030ad   Thumb Code    38  queue.o(i.prvCopyDataFromQueue)
    i.prvCopyDataToQueue                     0x080030d2   Section        0  queue.o(i.prvCopyDataToQueue)
    prvCopyDataToQueue                       0x080030d3   Thumb Code   108  queue.o(i.prvCopyDataToQueue)
    i.prvDeleteTCB                           0x0800313e   Section        0  tasks.o(i.prvDeleteTCB)
    prvDeleteTCB                             0x0800313f   Thumb Code    52  tasks.o(i.prvDeleteTCB)
    i.prvHeapInit                            0x08003174   Section        0  heap_4.o(i.prvHeapInit)
    prvHeapInit                              0x08003175   Thumb Code    66  heap_4.o(i.prvHeapInit)
    i.prvIdleTask                            0x080031c0   Section        0  tasks.o(i.prvIdleTask)
    prvIdleTask                              0x080031c1   Thumb Code    82  tasks.o(i.prvIdleTask)
    i.prvInitialiseNewQueue                  0x08003220   Section        0  queue.o(i.prvInitialiseNewQueue)
    prvInitialiseNewQueue                    0x08003221   Thumb Code    34  queue.o(i.prvInitialiseNewQueue)
    i.prvInitialiseNewTask                   0x08003244   Section        0  tasks.o(i.prvInitialiseNewTask)
    prvInitialiseNewTask                     0x08003245   Thumb Code   176  tasks.o(i.prvInitialiseNewTask)
    i.prvInsertBlockIntoFreeList             0x080032f4   Section        0  heap_4.o(i.prvInsertBlockIntoFreeList)
    prvInsertBlockIntoFreeList               0x080032f5   Thumb Code    72  heap_4.o(i.prvInsertBlockIntoFreeList)
    i.prvInsertTimerInActiveList             0x08003340   Section        0  timers.o(i.prvInsertTimerInActiveList)
    prvInsertTimerInActiveList               0x08003341   Thumb Code    52  timers.o(i.prvInsertTimerInActiveList)
    i.prvIsQueueEmpty                        0x08003378   Section        0  queue.o(i.prvIsQueueEmpty)
    prvIsQueueEmpty                          0x08003379   Thumb Code    28  queue.o(i.prvIsQueueEmpty)
    i.prvProcessReceivedCommands             0x08003394   Section        0  timers.o(i.prvProcessReceivedCommands)
    prvProcessReceivedCommands               0x08003395   Thumb Code   248  timers.o(i.prvProcessReceivedCommands)
    i.prvProcessTimerOrBlockTask             0x08003490   Section        0  timers.o(i.prvProcessTimerOrBlockTask)
    prvProcessTimerOrBlockTask               0x08003491   Thumb Code   182  timers.o(i.prvProcessTimerOrBlockTask)
    i.prvResetNextTaskUnblockTime            0x08003550   Section        0  tasks.o(i.prvResetNextTaskUnblockTime)
    prvResetNextTaskUnblockTime              0x08003551   Thumb Code    26  tasks.o(i.prvResetNextTaskUnblockTime)
    i.prvSampleTimeNow                       0x08003570   Section        0  timers.o(i.prvSampleTimeNow)
    prvSampleTimeNow                         0x08003571   Thumb Code    36  timers.o(i.prvSampleTimeNow)
    i.prvSwitchTimerLists                    0x08003598   Section        0  timers.o(i.prvSwitchTimerLists)
    prvSwitchTimerLists                      0x08003599   Thumb Code   104  timers.o(i.prvSwitchTimerLists)
    i.prvTaskExitError                       0x08003604   Section        0  port.o(i.prvTaskExitError)
    prvTaskExitError                         0x08003605   Thumb Code    36  port.o(i.prvTaskExitError)
    i.prvTimerTask                           0x0800362c   Section        0  timers.o(i.prvTimerTask)
    prvTimerTask                             0x0800362d   Thumb Code    32  timers.o(i.prvTimerTask)
    i.prvUnlockQueue                         0x08003650   Section        0  queue.o(i.prvUnlockQueue)
    prvUnlockQueue                           0x08003651   Thumb Code   106  queue.o(i.prvUnlockQueue)
    i.pvPortMalloc                           0x080036bc   Section        0  heap_4.o(i.pvPortMalloc)
    i.pxPortInitialiseStack                  0x080037a4   Section        0  port.o(i.pxPortInitialiseStack)
    i.uxListRemove                           0x080037d0   Section        0  list.o(i.uxListRemove)
    i.vApplicationGetIdleTaskMemory          0x080037f8   Section        0  cmsis_os2.o(i.vApplicationGetIdleTaskMemory)
    i.vApplicationGetTimerTaskMemory         0x0800380c   Section        0  cmsis_os2.o(i.vApplicationGetTimerTaskMemory)
    i.vApplicationMallocFailedHook           0x08003820   Section        0  freertos.o(i.vApplicationMallocFailedHook)
    i.vApplicationStackOverflowHook          0x08003822   Section        0  freertos.o(i.vApplicationStackOverflowHook)
    i.vListInitialise                        0x08003824   Section        0  list.o(i.vListInitialise)
    i.vListInitialiseItem                    0x0800383a   Section        0  list.o(i.vListInitialiseItem)
    i.vListInsert                            0x08003840   Section        0  list.o(i.vListInsert)
    i.vListInsertEnd                         0x08003870   Section        0  list.o(i.vListInsertEnd)
    i.vPortEnterCritical                     0x08003888   Section        0  port.o(i.vPortEnterCritical)
    i.vPortExitCritical                      0x080038c8   Section        0  port.o(i.vPortExitCritical)
    i.vPortFree                              0x080038f0   Section        0  heap_4.o(i.vPortFree)
    i.vPortSetupTimerInterrupt               0x08003954   Section        0  port.o(i.vPortSetupTimerInterrupt)
    i.vPortValidateInterruptPriority         0x08003978   Section        0  port.o(i.vPortValidateInterruptPriority)
    i.vQueueAddToRegistry                    0x080039cc   Section        0  queue.o(i.vQueueAddToRegistry)
    i.vQueueWaitForMessageRestricted         0x080039f4   Section        0  queue.o(i.vQueueWaitForMessageRestricted)
    i.vTaskDelay                             0x08003a38   Section        0  tasks.o(i.vTaskDelay)
    i.vTaskInternalSetTimeOutState           0x08003a84   Section        0  tasks.o(i.vTaskInternalSetTimeOutState)
    i.vTaskMissedYield                       0x08003a94   Section        0  tasks.o(i.vTaskMissedYield)
    i.vTaskPlaceOnEventList                  0x08003aa0   Section        0  tasks.o(i.vTaskPlaceOnEventList)
    i.vTaskPlaceOnEventListRestricted        0x08003ad0   Section        0  tasks.o(i.vTaskPlaceOnEventListRestricted)
    i.vTaskStartScheduler                    0x08003b08   Section        0  tasks.o(i.vTaskStartScheduler)
    i.vTaskSuspendAll                        0x08003b90   Section        0  tasks.o(i.vTaskSuspendAll)
    i.vTaskSwitchContext                     0x08003ba0   Section        0  tasks.o(i.vTaskSwitchContext)
    i.xPortStartScheduler                    0x08003c2c   Section        0  port.o(i.xPortStartScheduler)
    i.xPortSysTickHandler                    0x08003d20   Section        0  port.o(i.xPortSysTickHandler)
    i.xQueueGenericCreateStatic              0x08003d4c   Section        0  queue.o(i.xQueueGenericCreateStatic)
    i.xQueueGenericReset                     0x08003db4   Section        0  queue.o(i.xQueueGenericReset)
    i.xQueueGenericSend                      0x08003e3c   Section        0  queue.o(i.xQueueGenericSend)
    i.xQueueGenericSendFromISR               0x08003f9c   Section        0  queue.o(i.xQueueGenericSendFromISR)
    i.xQueueReceive                          0x0800405c   Section        0  queue.o(i.xQueueReceive)
    i.xTaskCheckForTimeOut                   0x08004194   Section        0  tasks.o(i.xTaskCheckForTimeOut)
    i.xTaskCreate                            0x08004208   Section        0  tasks.o(i.xTaskCreate)
    i.xTaskCreateStatic                      0x08004262   Section        0  tasks.o(i.xTaskCreateStatic)
    i.xTaskGetSchedulerState                 0x080042b8   Section        0  tasks.o(i.xTaskGetSchedulerState)
    i.xTaskGetTickCount                      0x080042d4   Section        0  tasks.o(i.xTaskGetTickCount)
    i.xTaskIncrementTick                     0x080042e0   Section        0  tasks.o(i.xTaskIncrementTick)
    i.xTaskPriorityDisinherit                0x080043a8   Section        0  tasks.o(i.xTaskPriorityDisinherit)
    i.xTaskRemoveFromEventList               0x08004428   Section        0  tasks.o(i.xTaskRemoveFromEventList)
    i.xTaskResumeAll                         0x08004498   Section        0  tasks.o(i.xTaskResumeAll)
    i.xTimerCreateTimerTask                  0x0800455c   Section        0  timers.o(i.xTimerCreateTimerTask)
    i.xTimerGenericCommand                   0x080045bc   Section        0  timers.o(i.xTimerGenericCommand)
    x$fpl$fpinit                             0x08004624   Section       10  fpinit.o(x$fpl$fpinit)
    $v0                                      0x08004624   Number         0  fpinit.o(x$fpl$fpinit)
    .constdata                               0x08004630   Section       36  freertos.o(.constdata)
    .constdata                               0x08004654   Section       16  system_stm32f4xx.o(.constdata)
    .constdata                               0x08004664   Section        8  system_stm32f4xx.o(.constdata)
    .conststring                             0x0800466c   Section       12  freertos.o(.conststring)
    .data                                    0x20000000   Section        4  freertos.o(.data)
    .data                                    0x20000004   Section        4  can.o(.data)
    HAL_RCC_CAN1_CLK_ENABLED                 0x20000004   Data           4  can.o(.data)
    .data                                    0x20000008   Section       12  stm32f4xx_hal.o(.data)
    .data                                    0x20000014   Section        4  system_stm32f4xx.o(.data)
    .data                                    0x20000018   Section       60  tasks.o(.data)
    uxDeletedTasksWaitingCleanUp             0x2000001c   Data           4  tasks.o(.data)
    uxCurrentNumberOfTasks                   0x20000020   Data           4  tasks.o(.data)
    xTickCount                               0x20000024   Data           4  tasks.o(.data)
    uxTopReadyPriority                       0x20000028   Data           4  tasks.o(.data)
    xSchedulerRunning                        0x2000002c   Data           4  tasks.o(.data)
    xPendedTicks                             0x20000030   Data           4  tasks.o(.data)
    xYieldPending                            0x20000034   Data           4  tasks.o(.data)
    xNumOfOverflows                          0x20000038   Data           4  tasks.o(.data)
    uxTaskNumber                             0x2000003c   Data           4  tasks.o(.data)
    xNextTaskUnblockTime                     0x20000040   Data           4  tasks.o(.data)
    xIdleTaskHandle                          0x20000044   Data           4  tasks.o(.data)
    uxSchedulerSuspended                     0x20000048   Data           4  tasks.o(.data)
    pxDelayedTaskList                        0x2000004c   Data           4  tasks.o(.data)
    pxOverflowDelayedTaskList                0x20000050   Data           4  tasks.o(.data)
    .data                                    0x20000054   Section       20  timers.o(.data)
    xTimerQueue                              0x20000054   Data           4  timers.o(.data)
    xTimerTaskHandle                         0x20000058   Data           4  timers.o(.data)
    xLastTime                                0x2000005c   Data           4  timers.o(.data)
    pxCurrentTimerList                       0x20000060   Data           4  timers.o(.data)
    pxOverflowTimerList                      0x20000064   Data           4  timers.o(.data)
    .data                                    0x20000068   Section        4  cmsis_os2.o(.data)
    KernelState                              0x20000068   Data           4  cmsis_os2.o(.data)
    .data                                    0x2000006c   Section       32  heap_4.o(.data)
    pxEnd                                    0x2000006c   Data           4  heap_4.o(.data)
    xFreeBytesRemaining                      0x20000070   Data           4  heap_4.o(.data)
    xMinimumEverFreeBytesRemaining           0x20000074   Data           4  heap_4.o(.data)
    xNumberOfSuccessfulAllocations           0x20000078   Data           4  heap_4.o(.data)
    xNumberOfSuccessfulFrees                 0x2000007c   Data           4  heap_4.o(.data)
    xBlockAllocatedBit                       0x20000080   Data           4  heap_4.o(.data)
    xStart                                   0x20000084   Data           8  heap_4.o(.data)
    .data                                    0x2000008c   Section       12  port.o(.data)
    ucMaxSysCallPriority                     0x2000008c   Data           1  port.o(.data)
    uxCriticalNesting                        0x20000090   Data           4  port.o(.data)
    ulMaxPRIGROUPValue                       0x20000094   Data           4  port.o(.data)
    .data                                    0x20000098   Section       16  dj.o(.data)
    .data                                    0x200000a8   Section        8  zdrive.o(.data)
    .data                                    0x200000b0   Section        1  zdrive.o(.data)
    .bss                                     0x200000b4   Section       80  can.o(.bss)
    .bss                                     0x20000104   Section      144  tim.o(.bss)
    .bss                                     0x20000194   Section       72  stm32f4xx_hal_timebase_tim.o(.bss)
    .bss                                     0x200001dc   Section       64  queue.o(.bss)
    .bss                                     0x2000021c   Section     1220  tasks.o(.bss)
    pxReadyTasksLists                        0x2000021c   Data        1120  tasks.o(.bss)
    xDelayedTaskList1                        0x2000067c   Data          20  tasks.o(.bss)
    xDelayedTaskList2                        0x20000690   Data          20  tasks.o(.bss)
    xPendingReadyList                        0x200006a4   Data          20  tasks.o(.bss)
    xTasksWaitingTermination                 0x200006b8   Data          20  tasks.o(.bss)
    xSuspendedTaskList                       0x200006cc   Data          20  tasks.o(.bss)
    .bss                                     0x200006e0   Section      280  timers.o(.bss)
    xStaticTimerQueue                        0x200006e0   Data          80  timers.o(.bss)
    ucStaticTimerQueueStorage                0x20000730   Data         160  timers.o(.bss)
    xActiveTimerList1                        0x200007d0   Data          20  timers.o(.bss)
    xActiveTimerList2                        0x200007e4   Data          20  timers.o(.bss)
    .bss                                     0x200007f8   Section      960  cmsis_os2.o(.bss)
    Idle_TCB                                 0x200007f8   Data          96  cmsis_os2.o(.bss)
    Idle_Stack                               0x20000858   Data         256  cmsis_os2.o(.bss)
    Timer_TCB                                0x20000958   Data          96  cmsis_os2.o(.bss)
    Timer_Stack                              0x200009b8   Data         512  cmsis_os2.o(.bss)
    .bss                                     0x20000bb8   Section    15360  heap_4.o(.bss)
    ucHeap                                   0x20000bb8   Data       15360  heap_4.o(.bss)
    .bss                                     0x200047b8   Section     2072  dj.o(.bss)
    txmsg                                    0x200047b8   Data          24  dj.o(.bss)
    .bss                                     0x20004fd0   Section       28  dj.o(.bss)
    .bss                                     0x20004fec   Section     1304  zdrive.o(.bss)
    .bss                                     0x20005504   Section     1768  zdrive.o(.bss)
    .bss                                     0x20005bec   Section       28  zdrive.o(.bss)
    .bss                                     0x20005c08   Section       96  libspace.o(.bss)
    HEAP                                     0x20005c68   Section     1024  startup_stm32f405xx.o(HEAP)
    Heap_Mem                                 0x20005c68   Data        1024  startup_stm32f405xx.o(HEAP)
    STACK                                    0x20006068   Section     2048  startup_stm32f405xx.o(STACK)
    Stack_Mem                                0x20006068   Data        2048  startup_stm32f405xx.o(STACK)
    __initial_sp                             0x20006868   Data           0  startup_stm32f405xx.o(STACK)

    Global Symbols

    Symbol Name                              Value     Ov Type        Size  Object(Section)

    BuildAttributes$$THM_ISAv4$E$P$D$K$B$S$7EM$VFPi3$EXTD16$VFPS$VFMA$PE$A:L22UL41UL21$X:L11$S22US41US21$IEEE1$IW$USESV6$~STKCKD$USESV7$~SHL$OSPACE$ROPI$EBA8$UX$STANDARDLIB$REQ8$PRES8$EABIv2 0x00000000   Number         0  anon$$obj.o ABSOLUTE
    __ARM_use_no_argv                        0x00000000   Number         0  main.o ABSOLUTE
    __ARM_exceptions_init                     - Undefined Weak Reference
    __alloca_initialize                       - Undefined Weak Reference
    __arm_fini_                               - Undefined Weak Reference
    __arm_preinit_                            - Undefined Weak Reference
    __cpp_initialize__aeabi_                  - Undefined Weak Reference
    __cxa_finalize                            - Undefined Weak Reference
    __rt_locale                               - Undefined Weak Reference
    __sigvec_lookup                           - Undefined Weak Reference
    _atexit_init                              - Undefined Weak Reference
    _call_atexit_fns                          - Undefined Weak Reference
    _clock_init                               - Undefined Weak Reference
    _fp_trap_init                             - Undefined Weak Reference
    _fp_trap_shutdown                         - Undefined Weak Reference
    _get_lc_collate                           - Undefined Weak Reference
    _get_lc_ctype                             - Undefined Weak Reference
    _get_lc_monetary                          - Undefined Weak Reference
    _get_lc_numeric                           - Undefined Weak Reference
    _get_lc_time                              - Undefined Weak Reference
    _getenv_init                              - Undefined Weak Reference
    _handle_redirection                       - Undefined Weak Reference
    _init_alloc                               - Undefined Weak Reference
    _init_user_alloc                          - Undefined Weak Reference
    _initio                                   - Undefined Weak Reference
    _rand_init                                - Undefined Weak Reference
    _signal_finish                            - Undefined Weak Reference
    _signal_init                              - Undefined Weak Reference
    _terminate_alloc                          - Undefined Weak Reference
    _terminate_user_alloc                     - Undefined Weak Reference
    _terminateio                              - Undefined Weak Reference
    __Vectors_Size                           0x00000188   Number         0  startup_stm32f405xx.o ABSOLUTE
    __Vectors                                0x08000000   Data           4  startup_stm32f405xx.o(RESET)
    __Vectors_End                            0x08000188   Data           0  startup_stm32f405xx.o(RESET)
    __main                                   0x08000189   Thumb Code     8  __main.o(!!!main)
    __scatterload                            0x08000191   Thumb Code     0  __scatter.o(!!!scatter)
    __scatterload_rt2                        0x08000191   Thumb Code    44  __scatter.o(!!!scatter)
    __scatterload_rt2_thumb_only             0x08000191   Thumb Code     0  __scatter.o(!!!scatter)
    __scatterload_null                       0x0800019f   Thumb Code     0  __scatter.o(!!!scatter)
    __scatterload_copy                       0x080001c5   Thumb Code    26  __scatter_copy.o(!!handler_copy)
    __scatterload_zeroinit                   0x080001e1   Thumb Code    28  __scatter_zi.o(!!handler_zi)
    __rt_lib_init                            0x080001fd   Thumb Code     0  libinit.o(.ARM.Collect$$libinit$$00000000)
    __rt_lib_init_fp_1                       0x080001ff   Thumb Code     0  libinit2.o(.ARM.Collect$$libinit$$00000001)
    __rt_lib_init_alloca_1                   0x08000203   Thumb Code     0  libinit2.o(.ARM.Collect$$libinit$$0000002E)
    __rt_lib_init_argv_1                     0x08000203   Thumb Code     0  libinit2.o(.ARM.Collect$$libinit$$0000002C)
    __rt_lib_init_atexit_1                   0x08000203   Thumb Code     0  libinit2.o(.ARM.Collect$$libinit$$0000001B)
    __rt_lib_init_clock_1                    0x08000203   Thumb Code     0  libinit2.o(.ARM.Collect$$libinit$$00000021)
    __rt_lib_init_cpp_1                      0x08000203   Thumb Code     0  libinit2.o(.ARM.Collect$$libinit$$00000032)
    __rt_lib_init_exceptions_1               0x08000203   Thumb Code     0  libinit2.o(.ARM.Collect$$libinit$$00000030)
    __rt_lib_init_fp_trap_1                  0x08000203   Thumb Code     0  libinit2.o(.ARM.Collect$$libinit$$0000001F)
    __rt_lib_init_getenv_1                   0x08000203   Thumb Code     0  libinit2.o(.ARM.Collect$$libinit$$00000023)
    __rt_lib_init_heap_1                     0x08000203   Thumb Code     0  libinit2.o(.ARM.Collect$$libinit$$0000000A)
    __rt_lib_init_lc_collate_1               0x08000203   Thumb Code     0  libinit2.o(.ARM.Collect$$libinit$$00000011)
    __rt_lib_init_lc_ctype_1                 0x08000203   Thumb Code     0  libinit2.o(.ARM.Collect$$libinit$$00000013)
    __rt_lib_init_lc_monetary_1              0x08000203   Thumb Code     0  libinit2.o(.ARM.Collect$$libinit$$00000015)
    __rt_lib_init_lc_numeric_1               0x08000203   Thumb Code     0  libinit2.o(.ARM.Collect$$libinit$$00000017)
    __rt_lib_init_lc_time_1                  0x08000203   Thumb Code     0  libinit2.o(.ARM.Collect$$libinit$$00000019)
    __rt_lib_init_preinit_1                  0x08000203   Thumb Code     0  libinit2.o(.ARM.Collect$$libinit$$00000004)
    __rt_lib_init_rand_1                     0x08000203   Thumb Code     0  libinit2.o(.ARM.Collect$$libinit$$0000000E)
    __rt_lib_init_return                     0x08000203   Thumb Code     0  libinit2.o(.ARM.Collect$$libinit$$00000033)
    __rt_lib_init_signal_1                   0x08000203   Thumb Code     0  libinit2.o(.ARM.Collect$$libinit$$0000001D)
    __rt_lib_init_stdio_1                    0x08000203   Thumb Code     0  libinit2.o(.ARM.Collect$$libinit$$00000025)
    __rt_lib_init_user_alloc_1               0x08000203   Thumb Code     0  libinit2.o(.ARM.Collect$$libinit$$0000000C)
    __rt_lib_shutdown                        0x08000205   Thumb Code     0  libshutdown.o(.ARM.Collect$$libshutdown$$00000000)
    __rt_lib_shutdown_cpp_1                  0x08000207   Thumb Code     0  libshutdown2.o(.ARM.Collect$$libshutdown$$00000004)
    __rt_lib_shutdown_fini_1                 0x08000207   Thumb Code     0  libshutdown2.o(.ARM.Collect$$libshutdown$$00000002)
    __rt_lib_shutdown_fp_trap_1              0x08000207   Thumb Code     0  libshutdown2.o(.ARM.Collect$$libshutdown$$00000009)
    __rt_lib_shutdown_heap_1                 0x08000207   Thumb Code     0  libshutdown2.o(.ARM.Collect$$libshutdown$$00000011)
    __rt_lib_shutdown_return                 0x08000207   Thumb Code     0  libshutdown2.o(.ARM.Collect$$libshutdown$$00000012)
    __rt_lib_shutdown_signal_1               0x08000207   Thumb Code     0  libshutdown2.o(.ARM.Collect$$libshutdown$$0000000C)
    __rt_lib_shutdown_stdio_1                0x08000207   Thumb Code     0  libshutdown2.o(.ARM.Collect$$libshutdown$$00000006)
    __rt_lib_shutdown_user_alloc_1           0x08000207   Thumb Code     0  libshutdown2.o(.ARM.Collect$$libshutdown$$0000000E)
    __rt_entry                               0x08000209   Thumb Code     0  __rtentry.o(.ARM.Collect$$rtentry$$00000000)
    __rt_entry_presh_1                       0x08000209   Thumb Code     0  __rtentry2.o(.ARM.Collect$$rtentry$$00000002)
    __rt_entry_sh                            0x08000209   Thumb Code     0  __rtentry4.o(.ARM.Collect$$rtentry$$00000004)
    __rt_entry_li                            0x0800020f   Thumb Code     0  __rtentry2.o(.ARM.Collect$$rtentry$$0000000A)
    __rt_entry_postsh_1                      0x0800020f   Thumb Code     0  __rtentry2.o(.ARM.Collect$$rtentry$$00000009)
    __rt_entry_main                          0x08000213   Thumb Code     0  __rtentry2.o(.ARM.Collect$$rtentry$$0000000D)
    __rt_entry_postli_1                      0x08000213   Thumb Code     0  __rtentry2.o(.ARM.Collect$$rtentry$$0000000C)
    __rt_exit                                0x0800021b   Thumb Code     0  rtexit.o(.ARM.Collect$$rtexit$$00000000)
    __rt_exit_ls                             0x0800021d   Thumb Code     0  rtexit2.o(.ARM.Collect$$rtexit$$00000003)
    __rt_exit_prels_1                        0x0800021d   Thumb Code     0  rtexit2.o(.ARM.Collect$$rtexit$$00000002)
    __rt_exit_exit                           0x08000221   Thumb Code     0  rtexit2.o(.ARM.Collect$$rtexit$$00000004)
    SVC_Handler                              0x08000229   Thumb Code    28  port.o(.emb_text)
    __asm___6_port_c_39a90d8d__prvStartFirstTask 0x08000249   Thumb Code    36  port.o(.emb_text)
    __asm___6_port_c_39a90d8d__prvEnableVFP  0x08000271   Thumb Code    16  port.o(.emb_text)
    PendSV_Handler                           0x08000285   Thumb Code    88  port.o(.emb_text)
    vPortGetIPSR                             0x080002e1   Thumb Code     6  port.o(.emb_text)
    Reset_Handler                            0x080002e9   Thumb Code     8  startup_stm32f405xx.o(.text)
    ADC_IRQHandler                           0x08000303   Thumb Code     0  startup_stm32f405xx.o(.text)
    CAN1_SCE_IRQHandler                      0x08000303   Thumb Code     0  startup_stm32f405xx.o(.text)
    CAN2_SCE_IRQHandler                      0x08000303   Thumb Code     0  startup_stm32f405xx.o(.text)
    DMA1_Stream0_IRQHandler                  0x08000303   Thumb Code     0  startup_stm32f405xx.o(.text)
    DMA1_Stream1_IRQHandler                  0x08000303   Thumb Code     0  startup_stm32f405xx.o(.text)
    DMA1_Stream2_IRQHandler                  0x08000303   Thumb Code     0  startup_stm32f405xx.o(.text)
    DMA1_Stream3_IRQHandler                  0x08000303   Thumb Code     0  startup_stm32f405xx.o(.text)
    DMA1_Stream4_IRQHandler                  0x08000303   Thumb Code     0  startup_stm32f405xx.o(.text)
    DMA1_Stream5_IRQHandler                  0x08000303   Thumb Code     0  startup_stm32f405xx.o(.text)
    DMA1_Stream6_IRQHandler                  0x08000303   Thumb Code     0  startup_stm32f405xx.o(.text)
    DMA1_Stream7_IRQHandler                  0x08000303   Thumb Code     0  startup_stm32f405xx.o(.text)
    DMA2_Stream0_IRQHandler                  0x08000303   Thumb Code     0  startup_stm32f405xx.o(.text)
    DMA2_Stream1_IRQHandler                  0x08000303   Thumb Code     0  startup_stm32f405xx.o(.text)
    DMA2_Stream2_IRQHandler                  0x08000303   Thumb Code     0  startup_stm32f405xx.o(.text)
    DMA2_Stream3_IRQHandler                  0x08000303   Thumb Code     0  startup_stm32f405xx.o(.text)
    DMA2_Stream4_IRQHandler                  0x08000303   Thumb Code     0  startup_stm32f405xx.o(.text)
    DMA2_Stream5_IRQHandler                  0x08000303   Thumb Code     0  startup_stm32f405xx.o(.text)
    DMA2_Stream6_IRQHandler                  0x08000303   Thumb Code     0  startup_stm32f405xx.o(.text)
    DMA2_Stream7_IRQHandler                  0x08000303   Thumb Code     0  startup_stm32f405xx.o(.text)
    EXTI0_IRQHandler                         0x08000303   Thumb Code     0  startup_stm32f405xx.o(.text)
    EXTI15_10_IRQHandler                     0x08000303   Thumb Code     0  startup_stm32f405xx.o(.text)
    EXTI1_IRQHandler                         0x08000303   Thumb Code     0  startup_stm32f405xx.o(.text)
    EXTI2_IRQHandler                         0x08000303   Thumb Code     0  startup_stm32f405xx.o(.text)
    EXTI3_IRQHandler                         0x08000303   Thumb Code     0  startup_stm32f405xx.o(.text)
    EXTI4_IRQHandler                         0x08000303   Thumb Code     0  startup_stm32f405xx.o(.text)
    EXTI9_5_IRQHandler                       0x08000303   Thumb Code     0  startup_stm32f405xx.o(.text)
    FLASH_IRQHandler                         0x08000303   Thumb Code     0  startup_stm32f405xx.o(.text)
    FMC_IRQHandler                           0x08000303   Thumb Code     0  startup_stm32f405xx.o(.text)
    FPU_IRQHandler                           0x08000303   Thumb Code     0  startup_stm32f405xx.o(.text)
    HASH_RNG_IRQHandler                      0x08000303   Thumb Code     0  startup_stm32f405xx.o(.text)
    I2C1_ER_IRQHandler                       0x08000303   Thumb Code     0  startup_stm32f405xx.o(.text)
    I2C1_EV_IRQHandler                       0x08000303   Thumb Code     0  startup_stm32f405xx.o(.text)
    I2C2_ER_IRQHandler                       0x08000303   Thumb Code     0  startup_stm32f405xx.o(.text)
    I2C2_EV_IRQHandler                       0x08000303   Thumb Code     0  startup_stm32f405xx.o(.text)
    I2C3_ER_IRQHandler                       0x08000303   Thumb Code     0  startup_stm32f405xx.o(.text)
    I2C3_EV_IRQHandler                       0x08000303   Thumb Code     0  startup_stm32f405xx.o(.text)
    OTG_FS_IRQHandler                        0x08000303   Thumb Code     0  startup_stm32f405xx.o(.text)
    OTG_FS_WKUP_IRQHandler                   0x08000303   Thumb Code     0  startup_stm32f405xx.o(.text)
    OTG_HS_EP1_IN_IRQHandler                 0x08000303   Thumb Code     0  startup_stm32f405xx.o(.text)
    OTG_HS_EP1_OUT_IRQHandler                0x08000303   Thumb Code     0  startup_stm32f405xx.o(.text)
    OTG_HS_IRQHandler                        0x08000303   Thumb Code     0  startup_stm32f405xx.o(.text)
    OTG_HS_WKUP_IRQHandler                   0x08000303   Thumb Code     0  startup_stm32f405xx.o(.text)
    PVD_IRQHandler                           0x08000303   Thumb Code     0  startup_stm32f405xx.o(.text)
    RCC_IRQHandler                           0x08000303   Thumb Code     0  startup_stm32f405xx.o(.text)
    RTC_Alarm_IRQHandler                     0x08000303   Thumb Code     0  startup_stm32f405xx.o(.text)
    RTC_WKUP_IRQHandler                      0x08000303   Thumb Code     0  startup_stm32f405xx.o(.text)
    SDIO_IRQHandler                          0x08000303   Thumb Code     0  startup_stm32f405xx.o(.text)
    SPI1_IRQHandler                          0x08000303   Thumb Code     0  startup_stm32f405xx.o(.text)
    SPI2_IRQHandler                          0x08000303   Thumb Code     0  startup_stm32f405xx.o(.text)
    SPI3_IRQHandler                          0x08000303   Thumb Code     0  startup_stm32f405xx.o(.text)
    TAMP_STAMP_IRQHandler                    0x08000303   Thumb Code     0  startup_stm32f405xx.o(.text)
    TIM1_BRK_TIM9_IRQHandler                 0x08000303   Thumb Code     0  startup_stm32f405xx.o(.text)
    TIM1_CC_IRQHandler                       0x08000303   Thumb Code     0  startup_stm32f405xx.o(.text)
    TIM1_TRG_COM_TIM11_IRQHandler            0x08000303   Thumb Code     0  startup_stm32f405xx.o(.text)
    TIM4_IRQHandler                          0x08000303   Thumb Code     0  startup_stm32f405xx.o(.text)
    TIM5_IRQHandler                          0x08000303   Thumb Code     0  startup_stm32f405xx.o(.text)
    TIM6_DAC_IRQHandler                      0x08000303   Thumb Code     0  startup_stm32f405xx.o(.text)
    TIM7_IRQHandler                          0x08000303   Thumb Code     0  startup_stm32f405xx.o(.text)
    TIM8_BRK_TIM12_IRQHandler                0x08000303   Thumb Code     0  startup_stm32f405xx.o(.text)
    TIM8_CC_IRQHandler                       0x08000303   Thumb Code     0  startup_stm32f405xx.o(.text)
    TIM8_TRG_COM_TIM14_IRQHandler            0x08000303   Thumb Code     0  startup_stm32f405xx.o(.text)
    TIM8_UP_TIM13_IRQHandler                 0x08000303   Thumb Code     0  startup_stm32f405xx.o(.text)
    UART4_IRQHandler                         0x08000303   Thumb Code     0  startup_stm32f405xx.o(.text)
    UART5_IRQHandler                         0x08000303   Thumb Code     0  startup_stm32f405xx.o(.text)
    USART1_IRQHandler                        0x08000303   Thumb Code     0  startup_stm32f405xx.o(.text)
    USART2_IRQHandler                        0x08000303   Thumb Code     0  startup_stm32f405xx.o(.text)
    USART3_IRQHandler                        0x08000303   Thumb Code     0  startup_stm32f405xx.o(.text)
    USART6_IRQHandler                        0x08000303   Thumb Code     0  startup_stm32f405xx.o(.text)
    WWDG_IRQHandler                          0x08000303   Thumb Code     0  startup_stm32f405xx.o(.text)
    __user_initial_stackheap                 0x08000305   Thumb Code     0  startup_stm32f405xx.o(.text)
    __aeabi_uldivmod                         0x08000329   Thumb Code     0  lludivv7m.o(.text)
    _ll_udiv                                 0x08000329   Thumb Code   238  lludivv7m.o(.text)
    __aeabi_memcpy                           0x08000417   Thumb Code     0  rt_memcpy_v6.o(.text)
    __rt_memcpy                              0x08000417   Thumb Code   138  rt_memcpy_v6.o(.text)
    _memcpy_lastbytes                        0x0800047d   Thumb Code     0  rt_memcpy_v6.o(.text)
    __aeabi_memcpy4                          0x080004a1   Thumb Code     0  rt_memcpy_w.o(.text)
    __aeabi_memcpy8                          0x080004a1   Thumb Code     0  rt_memcpy_w.o(.text)
    __rt_memcpy_w                            0x080004a1   Thumb Code   100  rt_memcpy_w.o(.text)
    _memcpy_lastbytes_aligned                0x080004e9   Thumb Code     0  rt_memcpy_w.o(.text)
    __aeabi_memset                           0x08000505   Thumb Code    16  aeabi_memset.o(.text)
    __aeabi_memclr4                          0x08000515   Thumb Code     0  rt_memclr_w.o(.text)
    __aeabi_memclr8                          0x08000515   Thumb Code     0  rt_memclr_w.o(.text)
    __rt_memclr_w                            0x08000515   Thumb Code    78  rt_memclr_w.o(.text)
    _memset_w                                0x08000519   Thumb Code     0  rt_memclr_w.o(.text)
    __use_two_region_memory                  0x08000563   Thumb Code     2  heapauxi.o(.text)
    __rt_heap_escrow$2region                 0x08000565   Thumb Code     2  heapauxi.o(.text)
    __rt_heap_expand$2region                 0x08000567   Thumb Code     2  heapauxi.o(.text)
    __aeabi_memclr                           0x08000569   Thumb Code     0  rt_memclr.o(.text)
    __rt_memclr                              0x08000569   Thumb Code    68  rt_memclr.o(.text)
    _memset                                  0x0800056d   Thumb Code     0  rt_memclr.o(.text)
    __user_setup_stackheap                   0x080005ad   Thumb Code    74  sys_stackheap_outer.o(.text)
    exit                                     0x080005f7   Thumb Code    18  exit.o(.text)
    __user_libspace                          0x08000609   Thumb Code     8  libspace.o(.text)
    __user_perproc_libspace                  0x08000609   Thumb Code     0  libspace.o(.text)
    __user_perthread_libspace                0x08000609   Thumb Code     0  libspace.o(.text)
    _sys_exit                                0x08000611   Thumb Code     8  sys_exit.o(.text)
    __I$use$semihosting                      0x0800061d   Thumb Code     0  use_no_semi.o(.text)
    __use_no_semihosting_swi                 0x0800061d   Thumb Code     2  use_no_semi.o(.text)
    BusFault_Handler                         0x0800061f   Thumb Code     2  stm32f4xx_it.o(i.BusFault_Handler)
    __semihosting_library_function           0x0800061f   Thumb Code     0  indicate_semi.o(.text)
    CAN1_RX0_IRQHandler                      0x08000621   Thumb Code     6  stm32f4xx_it.o(i.CAN1_RX0_IRQHandler)
    CAN1_RX1_IRQHandler                      0x0800062d   Thumb Code     6  stm32f4xx_it.o(i.CAN1_RX1_IRQHandler)
    CAN1_TX_IRQHandler                       0x08000639   Thumb Code     6  stm32f4xx_it.o(i.CAN1_TX_IRQHandler)
    CAN2_RX0_IRQHandler                      0x08000645   Thumb Code     6  stm32f4xx_it.o(i.CAN2_RX0_IRQHandler)
    CAN2_RX1_IRQHandler                      0x08000651   Thumb Code     6  stm32f4xx_it.o(i.CAN2_RX1_IRQHandler)
    CAN2_TX_IRQHandler                       0x0800065d   Thumb Code     6  stm32f4xx_it.o(i.CAN2_TX_IRQHandler)
    CAN_Queue_Init                           0x08000669   Thumb Code    18  zdrive.o(i.CAN_Queue_Init)
    CAN_Queue_Pop                            0x0800067d   Thumb Code   132  zdrive.o(i.CAN_Queue_Pop)
    CAN_Queue_Push                           0x08000709   Thumb Code    84  zdrive.o(i.CAN_Queue_Push)
    CanCommand                               0x0800075d   Thumb Code    20  zdrive.o(i.CanCommand)
    ChangeDataByte                           0x08000771   Thumb Code    10  mathfun.o(i.ChangeDataByte)
    Change_ArrayByte                         0x0800077b   Thumb Code    36  zdrive.o(i.Change_ArrayByte)
    DebugMon_Handler                         0x0800079f   Thumb Code     2  stm32f4xx_it.o(i.DebugMon_Handler)
    Error_Handler                            0x080007a1   Thumb Code     4  main.o(i.Error_Handler)
    HAL_CAN_ActivateNotification             0x080007a5   Thumb Code    36  stm32f4xx_hal_can.o(i.HAL_CAN_ActivateNotification)
    HAL_CAN_AddTxMessage                     0x080007c9   Thumb Code   208  stm32f4xx_hal_can.o(i.HAL_CAN_AddTxMessage)
    HAL_CAN_ConfigFilter                     0x08000899   Thumb Code   262  stm32f4xx_hal_can.o(i.HAL_CAN_ConfigFilter)
    HAL_CAN_ErrorCallback                    0x080009a5   Thumb Code     2  stm32f4xx_hal_can.o(i.HAL_CAN_ErrorCallback)
    HAL_CAN_GetRxMessage                     0x080009a7   Thumb Code   244  stm32f4xx_hal_can.o(i.HAL_CAN_GetRxMessage)
    HAL_CAN_IRQHandler                       0x08000a9b   Thumb Code   508  stm32f4xx_hal_can.o(i.HAL_CAN_IRQHandler)
    HAL_CAN_Init                             0x08000c97   Thumb Code   282  stm32f4xx_hal_can.o(i.HAL_CAN_Init)
    HAL_CAN_MspInit                          0x08000db1   Thumb Code   288  can.o(i.HAL_CAN_MspInit)
    HAL_CAN_RxFifo0FullCallback              0x08000ee9   Thumb Code     2  stm32f4xx_hal_can.o(i.HAL_CAN_RxFifo0FullCallback)
    HAL_CAN_RxFifo0MsgPendingCallback        0x08000eed   Thumb Code    82  main.o(i.HAL_CAN_RxFifo0MsgPendingCallback)
    HAL_CAN_RxFifo1FullCallback              0x08000f59   Thumb Code     2  stm32f4xx_hal_can.o(i.HAL_CAN_RxFifo1FullCallback)
    HAL_CAN_RxFifo1MsgPendingCallback        0x08000f5b   Thumb Code     2  stm32f4xx_hal_can.o(i.HAL_CAN_RxFifo1MsgPendingCallback)
    HAL_CAN_SleepCallback                    0x08000f5d   Thumb Code     2  stm32f4xx_hal_can.o(i.HAL_CAN_SleepCallback)
    HAL_CAN_Start                            0x08000f5f   Thumb Code    50  stm32f4xx_hal_can.o(i.HAL_CAN_Start)
    HAL_CAN_TxMailbox0AbortCallback          0x08000f91   Thumb Code     2  stm32f4xx_hal_can.o(i.HAL_CAN_TxMailbox0AbortCallback)
    HAL_CAN_TxMailbox0CompleteCallback       0x08000f93   Thumb Code     2  stm32f4xx_hal_can.o(i.HAL_CAN_TxMailbox0CompleteCallback)
    HAL_CAN_TxMailbox1AbortCallback          0x08000f95   Thumb Code     2  stm32f4xx_hal_can.o(i.HAL_CAN_TxMailbox1AbortCallback)
    HAL_CAN_TxMailbox1CompleteCallback       0x08000f97   Thumb Code     2  stm32f4xx_hal_can.o(i.HAL_CAN_TxMailbox1CompleteCallback)
    HAL_CAN_TxMailbox2AbortCallback          0x08000f99   Thumb Code     2  stm32f4xx_hal_can.o(i.HAL_CAN_TxMailbox2AbortCallback)
    HAL_CAN_TxMailbox2CompleteCallback       0x08000f9b   Thumb Code     2  stm32f4xx_hal_can.o(i.HAL_CAN_TxMailbox2CompleteCallback)
    HAL_CAN_WakeUpFromRxMsgCallback          0x08000f9d   Thumb Code     2  stm32f4xx_hal_can.o(i.HAL_CAN_WakeUpFromRxMsgCallback)
    HAL_Delay                                0x08000fa1   Thumb Code    32  stm32f4xx_hal.o(i.HAL_Delay)
    HAL_GPIO_Init                            0x08000fc5   Thumb Code   450  stm32f4xx_hal_gpio.o(i.HAL_GPIO_Init)
    HAL_GPIO_WritePin                        0x080011b5   Thumb Code    10  stm32f4xx_hal_gpio.o(i.HAL_GPIO_WritePin)
    HAL_GetTick                              0x080011c1   Thumb Code     6  stm32f4xx_hal.o(i.HAL_GetTick)
    HAL_IncTick                              0x080011cd   Thumb Code    12  stm32f4xx_hal.o(i.HAL_IncTick)
    HAL_Init                                 0x080011dd   Thumb Code    48  stm32f4xx_hal.o(i.HAL_Init)
    HAL_InitTick                             0x08001211   Thumb Code   120  stm32f4xx_hal_timebase_tim.o(i.HAL_InitTick)
    HAL_MspInit                              0x0800129d   Thumb Code    52  stm32f4xx_hal_msp.o(i.HAL_MspInit)
    HAL_NVIC_EnableIRQ                       0x080012d5   Thumb Code    26  stm32f4xx_hal_cortex.o(i.HAL_NVIC_EnableIRQ)
    HAL_NVIC_SetPriority                     0x080012f1   Thumb Code    60  stm32f4xx_hal_cortex.o(i.HAL_NVIC_SetPriority)
    HAL_NVIC_SetPriorityGrouping             0x08001331   Thumb Code    26  stm32f4xx_hal_cortex.o(i.HAL_NVIC_SetPriorityGrouping)
    HAL_RCC_ClockConfig                      0x08001355   Thumb Code   288  stm32f4xx_hal_rcc.o(i.HAL_RCC_ClockConfig)
    HAL_RCC_GetClockConfig                   0x08001489   Thumb Code    54  stm32f4xx_hal_rcc.o(i.HAL_RCC_GetClockConfig)
    HAL_RCC_GetPCLK2Freq                     0x080014c9   Thumb Code    20  stm32f4xx_hal_rcc.o(i.HAL_RCC_GetPCLK2Freq)
    HAL_RCC_GetSysClockFreq                  0x080014e9   Thumb Code    88  stm32f4xx_hal_rcc.o(i.HAL_RCC_GetSysClockFreq)
    HAL_RCC_OscConfig                        0x0800154d   Thumb Code   856  stm32f4xx_hal_rcc.o(i.HAL_RCC_OscConfig)
    HAL_TIMEx_BreakCallback                  0x080018b9   Thumb Code     2  stm32f4xx_hal_tim_ex.o(i.HAL_TIMEx_BreakCallback)
    HAL_TIMEx_CommutCallback                 0x080018bb   Thumb Code     2  stm32f4xx_hal_tim_ex.o(i.HAL_TIMEx_CommutCallback)
    HAL_TIMEx_MasterConfigSynchronization    0x080018bd   Thumb Code   116  stm32f4xx_hal_tim_ex.o(i.HAL_TIMEx_MasterConfigSynchronization)
    HAL_TIM_Base_Init                        0x0800194d   Thumb Code    90  stm32f4xx_hal_tim.o(i.HAL_TIM_Base_Init)
    HAL_TIM_Base_MspInit                     0x080019a9   Thumb Code    86  tim.o(i.HAL_TIM_Base_MspInit)
    HAL_TIM_Base_Start_IT                    0x08001a09   Thumb Code   100  stm32f4xx_hal_tim.o(i.HAL_TIM_Base_Start_IT)
    HAL_TIM_ConfigClockSource                0x08001a89   Thumb Code   220  stm32f4xx_hal_tim.o(i.HAL_TIM_ConfigClockSource)
    HAL_TIM_IC_CaptureCallback               0x08001b65   Thumb Code     2  stm32f4xx_hal_tim.o(i.HAL_TIM_IC_CaptureCallback)
    HAL_TIM_IRQHandler                       0x08001b67   Thumb Code   304  stm32f4xx_hal_tim.o(i.HAL_TIM_IRQHandler)
    HAL_TIM_OC_DelayElapsedCallback          0x08001c97   Thumb Code     2  stm32f4xx_hal_tim.o(i.HAL_TIM_OC_DelayElapsedCallback)
    HAL_TIM_PWM_PulseFinishedCallback        0x08001c99   Thumb Code     2  stm32f4xx_hal_tim.o(i.HAL_TIM_PWM_PulseFinishedCallback)
    HAL_TIM_PeriodElapsedCallback            0x08001c9d   Thumb Code    52  main.o(i.HAL_TIM_PeriodElapsedCallback)
    HAL_TIM_TriggerCallback                  0x08001cdd   Thumb Code     2  stm32f4xx_hal_tim.o(i.HAL_TIM_TriggerCallback)
    HardFault_Handler                        0x08001cdf   Thumb Code     2  stm32f4xx_it.o(i.HardFault_Handler)
    LED_Flow                                 0x08001ce1   Thumb Code   136  led.o(i.LED_Flow)
    MX_CAN1_Init                             0x08001d6d   Thumb Code   124  can.o(i.MX_CAN1_Init)
    MX_CAN2_Init                             0x08001df1   Thumb Code   122  can.o(i.MX_CAN2_Init)
    MX_FREERTOS_Init                         0x08001e75   Thumb Code    18  freertos.o(i.MX_FREERTOS_Init)
    MX_GPIO_Init                             0x08001e95   Thumb Code   122  gpio.o(i.MX_GPIO_Init)
    MX_TIM2_Init                             0x08001f19   Thumb Code   108  tim.o(i.MX_TIM2_Init)
    MX_TIM3_Init                             0x08001f89   Thumb Code   106  tim.o(i.MX_TIM3_Init)
    MemManage_Handler                        0x08001ffd   Thumb Code     2  stm32f4xx_it.o(i.MemManage_Handler)
    NMI_Handler                              0x08001fff   Thumb Code     2  stm32f4xx_it.o(i.NMI_Handler)
    PID_caculate_data                        0x08002001   Thumb Code   100  dj.o(i.PID_caculate_data)
    PID_init                                 0x08002065   Thumb Code    18  dj.o(i.PID_init)
    StartDefaultTask                         0x08002077   Thumb Code    12  freertos.o(i.StartDefaultTask)
    SysTick_Handler                          0x08002083   Thumb Code    26  cmsis_os2.o(i.SysTick_Handler)
    SystemClock_Config                       0x0800209d   Thumb Code   142  main.o(i.SystemClock_Config)
    SystemInit                               0x08002135   Thumb Code    12  system_stm32f4xx.o(i.SystemInit)
    TIM1_UP_TIM10_IRQHandler                 0x08002145   Thumb Code     6  stm32f4xx_it.o(i.TIM1_UP_TIM10_IRQHandler)
    TIM2_IRQHandler                          0x08002151   Thumb Code     6  stm32f4xx_it.o(i.TIM2_IRQHandler)
    TIM3_IRQHandler                          0x0800215d   Thumb Code     6  stm32f4xx_it.o(i.TIM3_IRQHandler)
    TIM_Base_SetConfig                       0x08002169   Thumb Code   164  stm32f4xx_hal_tim.o(i.TIM_Base_SetConfig)
    TIM_ETR_SetConfig                        0x08002239   Thumb Code    20  stm32f4xx_hal_tim.o(i.TIM_ETR_SetConfig)
    UsageFault_Handler                       0x080022a3   Thumb Code     2  stm32f4xx_it.o(i.UsageFault_Handler)
    ZDrive_Ask                               0x080022a5   Thumb Code    52  zdrive.o(i.ZDrive_Ask)
    ZDrive_Func                              0x080022dd   Thumb Code   420  zdrive.o(i.ZDrive_Func)
    ZDrive_Init                              0x08002489   Thumb Code   126  zdrive.o(i.ZDrive_Init)
    ZDrive_PVT_Update                        0x08002511   Thumb Code    92  zdrive.o(i.ZDrive_PVT_Update)
    ZDrive_ReceiveHandler                    0x08002571   Thumb Code   206  zdrive.o(i.ZDrive_ReceiveHandler)
    ZDrive_Set                               0x08002651   Thumb Code   136  zdrive.o(i.ZDrive_Set)
    djanglecaculate                          0x08002709   Thumb Code   222  dj.o(i.djanglecaculate)
    djcurrenttransmit                        0x080027ed   Thumb Code   148  dj.o(i.djcurrenttransmit)
    djfunc                                   0x0800288d   Thumb Code    88  dj.o(i.djfunc)
    djlockposition                           0x080028e9   Thumb Code   110  dj.o(i.djlockposition)
    djmotor_init                             0x08002959   Thumb Code   390  dj.o(i.djmotor_init)
    djpositionmode                           0x08002af9   Thumb Code   268  dj.o(i.djpositionmode)
    djreceivedata_can2                       0x08002c09   Thumb Code   178  dj.o(i.djreceivedata_can2)
    djsetzero                                0x08002cd1   Thumb Code    22  dj.o(i.djsetzero)
    djspeedmode                              0x08002ced   Thumb Code    52  dj.o(i.djspeedmode)
    djzeromode                               0x08002d21   Thumb Code   174  dj.o(i.djzeromode)
    main                                     0x08002dd1   Thumb Code    72  main.o(i.main)
    osDelay                                  0x08002e25   Thumb Code    26  cmsis_os2.o(i.osDelay)
    osKernelInitialize                       0x08002e41   Thumb Code    32  cmsis_os2.o(i.osKernelInitialize)
    osKernelStart                            0x08002e65   Thumb Code    48  cmsis_os2.o(i.osKernelStart)
    osThreadNew                              0x08002e9d   Thumb Code   138  cmsis_os2.o(i.osThreadNew)
    pvPortMalloc                             0x080036bd   Thumb Code   226  heap_4.o(i.pvPortMalloc)
    pxPortInitialiseStack                    0x080037a5   Thumb Code    40  port.o(i.pxPortInitialiseStack)
    uxListRemove                             0x080037d1   Thumb Code    38  list.o(i.uxListRemove)
    vApplicationGetIdleTaskMemory            0x080037f9   Thumb Code    16  cmsis_os2.o(i.vApplicationGetIdleTaskMemory)
    vApplicationGetTimerTaskMemory           0x0800380d   Thumb Code    16  cmsis_os2.o(i.vApplicationGetTimerTaskMemory)
    vApplicationMallocFailedHook             0x08003821   Thumb Code     2  freertos.o(i.vApplicationMallocFailedHook)
    vApplicationStackOverflowHook            0x08003823   Thumb Code     2  freertos.o(i.vApplicationStackOverflowHook)
    vListInitialise                          0x08003825   Thumb Code    22  list.o(i.vListInitialise)
    vListInitialiseItem                      0x0800383b   Thumb Code     6  list.o(i.vListInitialiseItem)
    vListInsert                              0x08003841   Thumb Code    48  list.o(i.vListInsert)
    vListInsertEnd                           0x08003871   Thumb Code    24  list.o(i.vListInsertEnd)
    vPortEnterCritical                       0x08003889   Thumb Code    54  port.o(i.vPortEnterCritical)
    vPortExitCritical                        0x080038c9   Thumb Code    34  port.o(i.vPortExitCritical)
    vPortFree                                0x080038f1   Thumb Code    94  heap_4.o(i.vPortFree)
    vPortSetupTimerInterrupt                 0x08003955   Thumb Code    32  port.o(i.vPortSetupTimerInterrupt)
    vPortValidateInterruptPriority           0x08003979   Thumb Code    74  port.o(i.vPortValidateInterruptPriority)
    vQueueAddToRegistry                      0x080039cd   Thumb Code    34  queue.o(i.vQueueAddToRegistry)
    vQueueWaitForMessageRestricted           0x080039f5   Thumb Code    68  queue.o(i.vQueueWaitForMessageRestricted)
    vTaskDelay                               0x08003a39   Thumb Code    66  tasks.o(i.vTaskDelay)
    vTaskInternalSetTimeOutState             0x08003a85   Thumb Code    12  tasks.o(i.vTaskInternalSetTimeOutState)
    vTaskMissedYield                         0x08003a95   Thumb Code     8  tasks.o(i.vTaskMissedYield)
    vTaskPlaceOnEventList                    0x08003aa1   Thumb Code    44  tasks.o(i.vTaskPlaceOnEventList)
    vTaskPlaceOnEventListRestricted          0x08003ad1   Thumb Code    52  tasks.o(i.vTaskPlaceOnEventListRestricted)
    vTaskStartScheduler                      0x08003b09   Thumb Code   118  tasks.o(i.vTaskStartScheduler)
    vTaskSuspendAll                          0x08003b91   Thumb Code    10  tasks.o(i.vTaskSuspendAll)
    vTaskSwitchContext                       0x08003ba1   Thumb Code   132  tasks.o(i.vTaskSwitchContext)
    xPortStartScheduler                      0x08003c2d   Thumb Code   222  port.o(i.xPortStartScheduler)
    xPortSysTickHandler                      0x08003d21   Thumb Code    38  port.o(i.xPortSysTickHandler)
    xQueueGenericCreateStatic                0x08003d4d   Thumb Code   102  queue.o(i.xQueueGenericCreateStatic)
    xQueueGenericReset                       0x08003db5   Thumb Code   132  queue.o(i.xQueueGenericReset)
    xQueueGenericSend                        0x08003e3d   Thumb Code   346  queue.o(i.xQueueGenericSend)
    xQueueGenericSendFromISR                 0x08003f9d   Thumb Code   190  queue.o(i.xQueueGenericSendFromISR)
    xQueueReceive                            0x0800405d   Thumb Code   308  queue.o(i.xQueueReceive)
    xTaskCheckForTimeOut                     0x08004195   Thumb Code   112  tasks.o(i.xTaskCheckForTimeOut)
    xTaskCreate                              0x08004209   Thumb Code    90  tasks.o(i.xTaskCreate)
    xTaskCreateStatic                        0x08004263   Thumb Code    86  tasks.o(i.xTaskCreateStatic)
    xTaskGetSchedulerState                   0x080042b9   Thumb Code    22  tasks.o(i.xTaskGetSchedulerState)
    xTaskGetTickCount                        0x080042d5   Thumb Code     6  tasks.o(i.xTaskGetTickCount)
    xTaskIncrementTick                       0x080042e1   Thumb Code   192  tasks.o(i.xTaskIncrementTick)
    xTaskPriorityDisinherit                  0x080043a9   Thumb Code   118  tasks.o(i.xTaskPriorityDisinherit)
    xTaskRemoveFromEventList                 0x08004429   Thumb Code    98  tasks.o(i.xTaskRemoveFromEventList)
    xTaskResumeAll                           0x08004499   Thumb Code   182  tasks.o(i.xTaskResumeAll)
    xTimerCreateTimerTask                    0x0800455d   Thumb Code    78  timers.o(i.xTimerCreateTimerTask)
    xTimerGenericCommand                     0x080045bd   Thumb Code    98  timers.o(i.xTimerGenericCommand)
    _fp_init                                 0x08004625   Thumb Code    10  fpinit.o(x$fpl$fpinit)
    __fplib_config_fpu_vfp                   0x0800462d   Thumb Code     0  fpinit.o(x$fpl$fpinit)
    __fplib_config_pureend_doubles           0x0800462d   Thumb Code     0  fpinit.o(x$fpl$fpinit)
    defaultTask_attributes                   0x08004630   Data          36  freertos.o(.constdata)
    AHBPrescTable                            0x08004654   Data          16  system_stm32f4xx.o(.constdata)
    APBPrescTable                            0x08004664   Data           8  system_stm32f4xx.o(.constdata)
    Region$$Table$$Base                      0x08004678   Number         0  anon$$obj.o(Region$$Table)
    Region$$Table$$Limit                     0x08004698   Number         0  anon$$obj.o(Region$$Table)
    defaultTaskHandle                        0x20000000   Data           4  freertos.o(.data)
    uwTickFreq                               0x20000008   Data           1  stm32f4xx_hal.o(.data)
    uwTickPrio                               0x2000000c   Data           4  stm32f4xx_hal.o(.data)
    uwTick                                   0x20000010   Data           4  stm32f4xx_hal.o(.data)
    SystemCoreClock                          0x20000014   Data           4  system_stm32f4xx.o(.data)
    pxCurrentTCB                             0x20000018   Data           4  tasks.o(.data)
    Rxmessage                                0x20000098   Data           8  dj.o(.data)
    Txmessage                                0x200000a0   Data           8  dj.o(.data)
    RxData                                   0x200000a8   Data           8  zdrive.o(.data)
    endian                                   0x200000b0   Data           1  zdrive.o(.data)
    hcan1                                    0x200000b4   Data          40  can.o(.bss)
    hcan2                                    0x200000dc   Data          40  can.o(.bss)
    htim2                                    0x20000104   Data          72  tim.o(.bss)
    htim3                                    0x2000014c   Data          72  tim.o(.bss)
    htim1                                    0x20000194   Data          72  stm32f4xx_hal_timebase_tim.o(.bss)
    xQueueRegistry                           0x200001dc   Data          64  queue.o(.bss)
    djmotor                                  0x200047d0   Data        2048  dj.o(.bss)
    Rxmsg                                    0x20004fd0   Data          28  dj.o(.bss)
    CAN2_Queue                               0x20004fec   Data        1304  zdrive.o(.bss)
    ZDrive_Queue                             0x20005504   Data        1304  zdrive.o(.bss)
    ZDrive                                   0x20005a1c   Data         464  zdrive.o(.bss)
    Z_RxHeader                               0x20005bec   Data          28  zdrive.o(.bss)
    __libspace_start                         0x20005c08   Data          96  libspace.o(.bss)
    __temporary_stack_top$libspace           0x20005c68   Data           0  libspace.o(.bss)



==============================================================================

Memory Map of the image

  Image Entry point : 0x08000189

  Load Region LR_IROM1 (Base: 0x08000000, Size: 0x0000474c, Max: 0x00100000, ABSOLUTE)

    Execution Region ER_IROM1 (Exec base: 0x08000000, Load base: 0x08000000, Size: 0x00004698, Max: 0x00100000, ABSOLUTE)

    Exec Addr    Load Addr    Size         Type   Attr      Idx    E Section Name        Object

    0x08000000   0x08000000   0x00000188   Data   RO            3    RESET               startup_stm32f405xx.o
    0x08000188   0x08000188   0x00000008   Code   RO         5112  * !!!main             c_w.l(__main.o)
    0x08000190   0x08000190   0x00000034   Code   RO         5283    !!!scatter          c_w.l(__scatter.o)
    0x080001c4   0x080001c4   0x0000001a   Code   RO         5285    !!handler_copy      c_w.l(__scatter_copy.o)
    0x080001de   0x080001de   0x00000002   PAD
    0x080001e0   0x080001e0   0x0000001c   Code   RO         5287    !!handler_zi        c_w.l(__scatter_zi.o)
    0x080001fc   0x080001fc   0x00000002   Code   RO         5151    .ARM.Collect$$libinit$$00000000  c_w.l(libinit.o)
    0x080001fe   0x080001fe   0x00000004   Code   RO         5163    .ARM.Collect$$libinit$$00000001  c_w.l(libinit2.o)
    0x08000202   0x08000202   0x00000000   Code   RO         5166    .ARM.Collect$$libinit$$00000004  c_w.l(libinit2.o)
    0x08000202   0x08000202   0x00000000   Code   RO         5169    .ARM.Collect$$libinit$$0000000A  c_w.l(libinit2.o)
    0x08000202   0x08000202   0x00000000   Code   RO         5171    .ARM.Collect$$libinit$$0000000C  c_w.l(libinit2.o)
    0x08000202   0x08000202   0x00000000   Code   RO         5173    .ARM.Collect$$libinit$$0000000E  c_w.l(libinit2.o)
    0x08000202   0x08000202   0x00000000   Code   RO         5176    .ARM.Collect$$libinit$$00000011  c_w.l(libinit2.o)
    0x08000202   0x08000202   0x00000000   Code   RO         5178    .ARM.Collect$$libinit$$00000013  c_w.l(libinit2.o)
    0x08000202   0x08000202   0x00000000   Code   RO         5180    .ARM.Collect$$libinit$$00000015  c_w.l(libinit2.o)
    0x08000202   0x08000202   0x00000000   Code   RO         5182    .ARM.Collect$$libinit$$00000017  c_w.l(libinit2.o)
    0x08000202   0x08000202   0x00000000   Code   RO         5184    .ARM.Collect$$libinit$$00000019  c_w.l(libinit2.o)
    0x08000202   0x08000202   0x00000000   Code   RO         5186    .ARM.Collect$$libinit$$0000001B  c_w.l(libinit2.o)
    0x08000202   0x08000202   0x00000000   Code   RO         5188    .ARM.Collect$$libinit$$0000001D  c_w.l(libinit2.o)
    0x08000202   0x08000202   0x00000000   Code   RO         5190    .ARM.Collect$$libinit$$0000001F  c_w.l(libinit2.o)
    0x08000202   0x08000202   0x00000000   Code   RO         5192    .ARM.Collect$$libinit$$00000021  c_w.l(libinit2.o)
    0x08000202   0x08000202   0x00000000   Code   RO         5194    .ARM.Collect$$libinit$$00000023  c_w.l(libinit2.o)
    0x08000202   0x08000202   0x00000000   Code   RO         5196    .ARM.Collect$$libinit$$00000025  c_w.l(libinit2.o)
    0x08000202   0x08000202   0x00000000   Code   RO         5200    .ARM.Collect$$libinit$$0000002C  c_w.l(libinit2.o)
    0x08000202   0x08000202   0x00000000   Code   RO         5202    .ARM.Collect$$libinit$$0000002E  c_w.l(libinit2.o)
    0x08000202   0x08000202   0x00000000   Code   RO         5204    .ARM.Collect$$libinit$$00000030  c_w.l(libinit2.o)
    0x08000202   0x08000202   0x00000000   Code   RO         5206    .ARM.Collect$$libinit$$00000032  c_w.l(libinit2.o)
    0x08000202   0x08000202   0x00000002   Code   RO         5207    .ARM.Collect$$libinit$$00000033  c_w.l(libinit2.o)
    0x08000204   0x08000204   0x00000002   Code   RO         5238    .ARM.Collect$$libshutdown$$00000000  c_w.l(libshutdown.o)
    0x08000206   0x08000206   0x00000000   Code   RO         5264    .ARM.Collect$$libshutdown$$00000002  c_w.l(libshutdown2.o)
    0x08000206   0x08000206   0x00000000   Code   RO         5266    .ARM.Collect$$libshutdown$$00000004  c_w.l(libshutdown2.o)
    0x08000206   0x08000206   0x00000000   Code   RO         5268    .ARM.Collect$$libshutdown$$00000006  c_w.l(libshutdown2.o)
    0x08000206   0x08000206   0x00000000   Code   RO         5271    .ARM.Collect$$libshutdown$$00000009  c_w.l(libshutdown2.o)
    0x08000206   0x08000206   0x00000000   Code   RO         5274    .ARM.Collect$$libshutdown$$0000000C  c_w.l(libshutdown2.o)
    0x08000206   0x08000206   0x00000000   Code   RO         5276    .ARM.Collect$$libshutdown$$0000000E  c_w.l(libshutdown2.o)
    0x08000206   0x08000206   0x00000000   Code   RO         5279    .ARM.Collect$$libshutdown$$00000011  c_w.l(libshutdown2.o)
    0x08000206   0x08000206   0x00000002   Code   RO         5280    .ARM.Collect$$libshutdown$$00000012  c_w.l(libshutdown2.o)
    0x08000208   0x08000208   0x00000000   Code   RO         5114    .ARM.Collect$$rtentry$$00000000  c_w.l(__rtentry.o)
    0x08000208   0x08000208   0x00000000   Code   RO         5122    .ARM.Collect$$rtentry$$00000002  c_w.l(__rtentry2.o)
    0x08000208   0x08000208   0x00000006   Code   RO         5134    .ARM.Collect$$rtentry$$00000004  c_w.l(__rtentry4.o)
    0x0800020e   0x0800020e   0x00000000   Code   RO         5124    .ARM.Collect$$rtentry$$00000009  c_w.l(__rtentry2.o)
    0x0800020e   0x0800020e   0x00000004   Code   RO         5125    .ARM.Collect$$rtentry$$0000000A  c_w.l(__rtentry2.o)
    0x08000212   0x08000212   0x00000000   Code   RO         5127    .ARM.Collect$$rtentry$$0000000C  c_w.l(__rtentry2.o)
    0x08000212   0x08000212   0x00000008   Code   RO         5128    .ARM.Collect$$rtentry$$0000000D  c_w.l(__rtentry2.o)
    0x0800021a   0x0800021a   0x00000002   Code   RO         5155    .ARM.Collect$$rtexit$$00000000  c_w.l(rtexit.o)
    0x0800021c   0x0800021c   0x00000000   Code   RO         5211    .ARM.Collect$$rtexit$$00000002  c_w.l(rtexit2.o)
    0x0800021c   0x0800021c   0x00000004   Code   RO         5212    .ARM.Collect$$rtexit$$00000003  c_w.l(rtexit2.o)
    0x08000220   0x08000220   0x00000006   Code   RO         5213    .ARM.Collect$$rtexit$$00000004  c_w.l(rtexit2.o)
    0x08000226   0x08000226   0x00000002   PAD
    0x08000228   0x08000228   0x000000be   Code   RO         4683    .emb_text           port.o
    0x080002e6   0x080002e6   0x00000002   PAD
    0x080002e8   0x080002e8   0x00000040   Code   RO            4    .text               startup_stm32f405xx.o
    0x08000328   0x08000328   0x000000ee   Code   RO         5098    .text               c_w.l(lludivv7m.o)
    0x08000416   0x08000416   0x0000008a   Code   RO         5100    .text               c_w.l(rt_memcpy_v6.o)
    0x080004a0   0x080004a0   0x00000064   Code   RO         5102    .text               c_w.l(rt_memcpy_w.o)
    0x08000504   0x08000504   0x00000010   Code   RO         5106    .text               c_w.l(aeabi_memset.o)
    0x08000514   0x08000514   0x0000004e   Code   RO         5108    .text               c_w.l(rt_memclr_w.o)
    0x08000562   0x08000562   0x00000006   Code   RO         5110    .text               c_w.l(heapauxi.o)
    0x08000568   0x08000568   0x00000044   Code   RO         5119    .text               c_w.l(rt_memclr.o)
    0x080005ac   0x080005ac   0x0000004a   Code   RO         5138    .text               c_w.l(sys_stackheap_outer.o)
    0x080005f6   0x080005f6   0x00000012   Code   RO         5140    .text               c_w.l(exit.o)
    0x08000608   0x08000608   0x00000008   Code   RO         5152    .text               c_w.l(libspace.o)
    0x08000610   0x08000610   0x0000000c   Code   RO         5208    .text               c_w.l(sys_exit.o)
    0x0800061c   0x0800061c   0x00000002   Code   RO         5227    .text               c_w.l(use_no_semi.o)
    0x0800061e   0x0800061e   0x00000000   Code   RO         5229    .text               c_w.l(indicate_semi.o)
    0x0800061e   0x0800061e   0x00000002   Code   RO          435    i.BusFault_Handler  stm32f4xx_it.o
    0x08000620   0x08000620   0x0000000c   Code   RO          436    i.CAN1_RX0_IRQHandler  stm32f4xx_it.o
    0x0800062c   0x0800062c   0x0000000c   Code   RO          437    i.CAN1_RX1_IRQHandler  stm32f4xx_it.o
    0x08000638   0x08000638   0x0000000c   Code   RO          438    i.CAN1_TX_IRQHandler  stm32f4xx_it.o
    0x08000644   0x08000644   0x0000000c   Code   RO          439    i.CAN2_RX0_IRQHandler  stm32f4xx_it.o
    0x08000650   0x08000650   0x0000000c   Code   RO          440    i.CAN2_RX1_IRQHandler  stm32f4xx_it.o
    0x0800065c   0x0800065c   0x0000000c   Code   RO          441    i.CAN2_TX_IRQHandler  stm32f4xx_it.o
    0x08000668   0x08000668   0x00000012   Code   RO         4927    i.CAN_Queue_Init    zdrive.o
    0x0800067a   0x0800067a   0x00000002   PAD
    0x0800067c   0x0800067c   0x0000008c   Code   RO         4928    i.CAN_Queue_Pop     zdrive.o
    0x08000708   0x08000708   0x00000054   Code   RO         4929    i.CAN_Queue_Push    zdrive.o
    0x0800075c   0x0800075c   0x00000014   Code   RO         4932    i.CanCommand        zdrive.o
    0x08000770   0x08000770   0x0000000a   Code   RO         4865    i.ChangeDataByte    mathfun.o
    0x0800077a   0x0800077a   0x00000024   Code   RO         4933    i.Change_ArrayByte  zdrive.o
    0x0800079e   0x0800079e   0x00000002   Code   RO          442    i.DebugMon_Handler  stm32f4xx_it.o
    0x080007a0   0x080007a0   0x00000004   Code   RO          137    i.Error_Handler     main.o
    0x080007a4   0x080007a4   0x00000024   Code   RO         1584    i.HAL_CAN_ActivateNotification  stm32f4xx_hal_can.o
    0x080007c8   0x080007c8   0x000000d0   Code   RO         1585    i.HAL_CAN_AddTxMessage  stm32f4xx_hal_can.o
    0x08000898   0x08000898   0x0000010c   Code   RO         1586    i.HAL_CAN_ConfigFilter  stm32f4xx_hal_can.o
    0x080009a4   0x080009a4   0x00000002   Code   RO         1589    i.HAL_CAN_ErrorCallback  stm32f4xx_hal_can.o
    0x080009a6   0x080009a6   0x000000f4   Code   RO         1592    i.HAL_CAN_GetRxMessage  stm32f4xx_hal_can.o
    0x08000a9a   0x08000a9a   0x000001fc   Code   RO         1596    i.HAL_CAN_IRQHandler  stm32f4xx_hal_can.o
    0x08000c96   0x08000c96   0x0000011a   Code   RO         1597    i.HAL_CAN_Init      stm32f4xx_hal_can.o
    0x08000db0   0x08000db0   0x00000138   Code   RO          339    i.HAL_CAN_MspInit   can.o
    0x08000ee8   0x08000ee8   0x00000002   Code   RO         1604    i.HAL_CAN_RxFifo0FullCallback  stm32f4xx_hal_can.o
    0x08000eea   0x08000eea   0x00000002   PAD
    0x08000eec   0x08000eec   0x0000006c   Code   RO          138    i.HAL_CAN_RxFifo0MsgPendingCallback  main.o
    0x08000f58   0x08000f58   0x00000002   Code   RO         1606    i.HAL_CAN_RxFifo1FullCallback  stm32f4xx_hal_can.o
    0x08000f5a   0x08000f5a   0x00000002   Code   RO         1607    i.HAL_CAN_RxFifo1MsgPendingCallback  stm32f4xx_hal_can.o
    0x08000f5c   0x08000f5c   0x00000002   Code   RO         1608    i.HAL_CAN_SleepCallback  stm32f4xx_hal_can.o
    0x08000f5e   0x08000f5e   0x00000032   Code   RO         1609    i.HAL_CAN_Start     stm32f4xx_hal_can.o
    0x08000f90   0x08000f90   0x00000002   Code   RO         1611    i.HAL_CAN_TxMailbox0AbortCallback  stm32f4xx_hal_can.o
    0x08000f92   0x08000f92   0x00000002   Code   RO         1612    i.HAL_CAN_TxMailbox0CompleteCallback  stm32f4xx_hal_can.o
    0x08000f94   0x08000f94   0x00000002   Code   RO         1613    i.HAL_CAN_TxMailbox1AbortCallback  stm32f4xx_hal_can.o
    0x08000f96   0x08000f96   0x00000002   Code   RO         1614    i.HAL_CAN_TxMailbox1CompleteCallback  stm32f4xx_hal_can.o
    0x08000f98   0x08000f98   0x00000002   Code   RO         1615    i.HAL_CAN_TxMailbox2AbortCallback  stm32f4xx_hal_can.o
    0x08000f9a   0x08000f9a   0x00000002   Code   RO         1616    i.HAL_CAN_TxMailbox2CompleteCallback  stm32f4xx_hal_can.o
    0x08000f9c   0x08000f9c   0x00000002   Code   RO         1618    i.HAL_CAN_WakeUpFromRxMsgCallback  stm32f4xx_hal_can.o
    0x08000f9e   0x08000f9e   0x00000002   PAD
    0x08000fa0   0x08000fa0   0x00000024   Code   RO         2716    i.HAL_Delay         stm32f4xx_hal.o
    0x08000fc4   0x08000fc4   0x000001f0   Code   RO         2172    i.HAL_GPIO_Init     stm32f4xx_hal_gpio.o
    0x080011b4   0x080011b4   0x0000000a   Code   RO         2176    i.HAL_GPIO_WritePin  stm32f4xx_hal_gpio.o
    0x080011be   0x080011be   0x00000002   PAD
    0x080011c0   0x080011c0   0x0000000c   Code   RO         2722    i.HAL_GetTick       stm32f4xx_hal.o
    0x080011cc   0x080011cc   0x00000010   Code   RO         2728    i.HAL_IncTick       stm32f4xx_hal.o
    0x080011dc   0x080011dc   0x00000034   Code   RO         2729    i.HAL_Init          stm32f4xx_hal.o
    0x08001210   0x08001210   0x0000008c   Code   RO          571    i.HAL_InitTick      stm32f4xx_hal_timebase_tim.o
    0x0800129c   0x0800129c   0x00000038   Code   RO          547    i.HAL_MspInit       stm32f4xx_hal_msp.o
    0x080012d4   0x080012d4   0x0000001a   Code   RO         2564    i.HAL_NVIC_EnableIRQ  stm32f4xx_hal_cortex.o
    0x080012ee   0x080012ee   0x00000002   PAD
    0x080012f0   0x080012f0   0x00000040   Code   RO         2570    i.HAL_NVIC_SetPriority  stm32f4xx_hal_cortex.o
    0x08001330   0x08001330   0x00000024   Code   RO         2571    i.HAL_NVIC_SetPriorityGrouping  stm32f4xx_hal_cortex.o
    0x08001354   0x08001354   0x00000134   Code   RO         1818    i.HAL_RCC_ClockConfig  stm32f4xx_hal_rcc.o
    0x08001488   0x08001488   0x00000040   Code   RO         1822    i.HAL_RCC_GetClockConfig  stm32f4xx_hal_rcc.o
    0x080014c8   0x080014c8   0x00000020   Code   RO         1826    i.HAL_RCC_GetPCLK2Freq  stm32f4xx_hal_rcc.o
    0x080014e8   0x080014e8   0x00000064   Code   RO         1827    i.HAL_RCC_GetSysClockFreq  stm32f4xx_hal_rcc.o
    0x0800154c   0x0800154c   0x0000036c   Code   RO         1830    i.HAL_RCC_OscConfig  stm32f4xx_hal_rcc.o
    0x080018b8   0x080018b8   0x00000002   Code   RO         1316    i.HAL_TIMEx_BreakCallback  stm32f4xx_hal_tim_ex.o
    0x080018ba   0x080018ba   0x00000002   Code   RO         1317    i.HAL_TIMEx_CommutCallback  stm32f4xx_hal_tim_ex.o
    0x080018bc   0x080018bc   0x00000090   Code   RO         1335    i.HAL_TIMEx_MasterConfigSynchronization  stm32f4xx_hal_tim_ex.o
    0x0800194c   0x0800194c   0x0000005a   Code   RO          612    i.HAL_TIM_Base_Init  stm32f4xx_hal_tim.o
    0x080019a6   0x080019a6   0x00000002   PAD
    0x080019a8   0x080019a8   0x00000060   Code   RO          388    i.HAL_TIM_Base_MspInit  tim.o
    0x08001a08   0x08001a08   0x00000080   Code   RO          617    i.HAL_TIM_Base_Start_IT  stm32f4xx_hal_tim.o
    0x08001a88   0x08001a88   0x000000dc   Code   RO          621    i.HAL_TIM_ConfigClockSource  stm32f4xx_hal_tim.o
    0x08001b64   0x08001b64   0x00000002   Code   RO          646    i.HAL_TIM_IC_CaptureCallback  stm32f4xx_hal_tim.o
    0x08001b66   0x08001b66   0x00000130   Code   RO          660    i.HAL_TIM_IRQHandler  stm32f4xx_hal_tim.o
    0x08001c96   0x08001c96   0x00000002   Code   RO          663    i.HAL_TIM_OC_DelayElapsedCallback  stm32f4xx_hal_tim.o
    0x08001c98   0x08001c98   0x00000002   Code   RO          690    i.HAL_TIM_PWM_PulseFinishedCallback  stm32f4xx_hal_tim.o
    0x08001c9a   0x08001c9a   0x00000002   PAD
    0x08001c9c   0x08001c9c   0x00000040   Code   RO          139    i.HAL_TIM_PeriodElapsedCallback  main.o
    0x08001cdc   0x08001cdc   0x00000002   Code   RO          703    i.HAL_TIM_TriggerCallback  stm32f4xx_hal_tim.o
    0x08001cde   0x08001cde   0x00000002   Code   RO          443    i.HardFault_Handler  stm32f4xx_it.o
    0x08001ce0   0x08001ce0   0x0000008c   Code   RO           13    i.LED_Flow          led.o
    0x08001d6c   0x08001d6c   0x00000084   Code   RO          340    i.MX_CAN1_Init      can.o
    0x08001df0   0x08001df0   0x00000084   Code   RO          341    i.MX_CAN2_Init      can.o
    0x08001e74   0x08001e74   0x00000020   Code   RO          271    i.MX_FREERTOS_Init  freertos.o
    0x08001e94   0x08001e94   0x00000084   Code   RO          247    i.MX_GPIO_Init      gpio.o
    0x08001f18   0x08001f18   0x00000070   Code   RO          389    i.MX_TIM2_Init      tim.o
    0x08001f88   0x08001f88   0x00000074   Code   RO          390    i.MX_TIM3_Init      tim.o
    0x08001ffc   0x08001ffc   0x00000002   Code   RO          444    i.MemManage_Handler  stm32f4xx_it.o
    0x08001ffe   0x08001ffe   0x00000002   Code   RO          445    i.NMI_Handler       stm32f4xx_it.o
    0x08002000   0x08002000   0x00000064   Code   RO         4763    i.PID_caculate_data  dj.o
    0x08002064   0x08002064   0x00000012   Code   RO         4764    i.PID_init          dj.o
    0x08002076   0x08002076   0x0000000c   Code   RO          272    i.StartDefaultTask  freertos.o
    0x08002082   0x08002082   0x0000001a   Code   RO         4115    i.SysTick_Handler   cmsis_os2.o
    0x0800209c   0x0800209c   0x00000098   Code   RO          140    i.SystemClock_Config  main.o
    0x08002134   0x08002134   0x00000010   Code   RO         2968    i.SystemInit        system_stm32f4xx.o
    0x08002144   0x08002144   0x0000000c   Code   RO          446    i.TIM1_UP_TIM10_IRQHandler  stm32f4xx_it.o
    0x08002150   0x08002150   0x0000000c   Code   RO          447    i.TIM2_IRQHandler   stm32f4xx_it.o
    0x0800215c   0x0800215c   0x0000000c   Code   RO          448    i.TIM3_IRQHandler   stm32f4xx_it.o
    0x08002168   0x08002168   0x000000d0   Code   RO          705    i.TIM_Base_SetConfig  stm32f4xx_hal_tim.o
    0x08002238   0x08002238   0x00000014   Code   RO          716    i.TIM_ETR_SetConfig  stm32f4xx_hal_tim.o
    0x0800224c   0x0800224c   0x00000010   Code   RO          717    i.TIM_ITRx_SetConfig  stm32f4xx_hal_tim.o
    0x0800225c   0x0800225c   0x00000022   Code   RO          723    i.TIM_TI1_ConfigInputStage  stm32f4xx_hal_tim.o
    0x0800227e   0x0800227e   0x00000024   Code   RO          725    i.TIM_TI2_ConfigInputStage  stm32f4xx_hal_tim.o
    0x080022a2   0x080022a2   0x00000002   Code   RO          449    i.UsageFault_Handler  stm32f4xx_it.o
    0x080022a4   0x080022a4   0x00000038   Code   RO         4934    i.ZDrive_Ask        zdrive.o
    0x080022dc   0x080022dc   0x000001ac   Code   RO         4935    i.ZDrive_Func       zdrive.o
    0x08002488   0x08002488   0x00000088   Code   RO         4936    i.ZDrive_Init       zdrive.o
    0x08002510   0x08002510   0x00000060   Code   RO         4938    i.ZDrive_PVT_Update  zdrive.o
    0x08002570   0x08002570   0x000000e0   Code   RO         4939    i.ZDrive_ReceiveHandler  zdrive.o
    0x08002650   0x08002650   0x00000098   Code   RO         4940    i.ZDrive_Set        zdrive.o
    0x080026e8   0x080026e8   0x00000020   Code   RO         2577    i.__NVIC_SetPriority  stm32f4xx_hal_cortex.o
    0x08002708   0x08002708   0x000000e4   Code   RO         4765    i.djanglecaculate   dj.o
    0x080027ec   0x080027ec   0x000000a0   Code   RO         4766    i.djcurrenttransmit  dj.o
    0x0800288c   0x0800288c   0x0000005c   Code   RO         4767    i.djfunc            dj.o
    0x080028e8   0x080028e8   0x0000006e   Code   RO         4768    i.djlockposition    dj.o
    0x08002956   0x08002956   0x00000002   PAD
    0x08002958   0x08002958   0x000001a0   Code   RO         4769    i.djmotor_init      dj.o
    0x08002af8   0x08002af8   0x00000110   Code   RO         4770    i.djpositionmode    dj.o
    0x08002c08   0x08002c08   0x000000c8   Code   RO         4771    i.djreceivedata_can2  dj.o
    0x08002cd0   0x08002cd0   0x0000001c   Code   RO         4772    i.djsetzero         dj.o
    0x08002cec   0x08002cec   0x00000034   Code   RO         4773    i.djspeedmode       dj.o
    0x08002d20   0x08002d20   0x000000ae   Code   RO         4774    i.djzeromode        dj.o
    0x08002dce   0x08002dce   0x00000002   PAD
    0x08002dd0   0x08002dd0   0x00000054   Code   RO          141    i.main              main.o
    0x08002e24   0x08002e24   0x0000001a   Code   RO         4117    i.osDelay           cmsis_os2.o
    0x08002e3e   0x08002e3e   0x00000002   PAD
    0x08002e40   0x08002e40   0x00000024   Code   RO         4131    i.osKernelInitialize  cmsis_os2.o
    0x08002e64   0x08002e64   0x00000038   Code   RO         4134    i.osKernelStart     cmsis_os2.o
    0x08002e9c   0x08002e9c   0x0000008a   Code   RO         4176    i.osThreadNew       cmsis_os2.o
    0x08002f26   0x08002f26   0x00000002   PAD
    0x08002f28   0x08002f28   0x0000005c   Code   RO         3576    i.prvAddCurrentTaskToDelayedList  tasks.o
    0x08002f84   0x08002f84   0x000000d0   Code   RO         3577    i.prvAddNewTaskToReadyList  tasks.o
    0x08003054   0x08003054   0x00000058   Code   RO         3941    i.prvCheckForValidListAndQueue  timers.o
    0x080030ac   0x080030ac   0x00000026   Code   RO         3173    i.prvCopyDataFromQueue  queue.o
    0x080030d2   0x080030d2   0x0000006c   Code   RO         3174    i.prvCopyDataToQueue  queue.o
    0x0800313e   0x0800313e   0x00000034   Code   RO         3578    i.prvDeleteTCB      tasks.o
    0x08003172   0x08003172   0x00000002   PAD
    0x08003174   0x08003174   0x0000004c   Code   RO         4628    i.prvHeapInit       heap_4.o
    0x080031c0   0x080031c0   0x00000060   Code   RO         3579    i.prvIdleTask       tasks.o
    0x08003220   0x08003220   0x00000022   Code   RO         3176    i.prvInitialiseNewQueue  queue.o
    0x08003242   0x08003242   0x00000002   PAD
    0x08003244   0x08003244   0x000000b0   Code   RO         3580    i.prvInitialiseNewTask  tasks.o
    0x080032f4   0x080032f4   0x0000004c   Code   RO         4629    i.prvInsertBlockIntoFreeList  heap_4.o
    0x08003340   0x08003340   0x00000038   Code   RO         3943    i.prvInsertTimerInActiveList  timers.o
    0x08003378   0x08003378   0x0000001c   Code   RO         3177    i.prvIsQueueEmpty   queue.o
    0x08003394   0x08003394   0x000000fc   Code   RO         3944    i.prvProcessReceivedCommands  timers.o
    0x08003490   0x08003490   0x000000c0   Code   RO         3945    i.prvProcessTimerOrBlockTask  timers.o
    0x08003550   0x08003550   0x00000020   Code   RO         3582    i.prvResetNextTaskUnblockTime  tasks.o
    0x08003570   0x08003570   0x00000028   Code   RO         3946    i.prvSampleTimeNow  timers.o
    0x08003598   0x08003598   0x0000006c   Code   RO         3947    i.prvSwitchTimerLists  timers.o
    0x08003604   0x08003604   0x00000028   Code   RO         4684    i.prvTaskExitError  port.o
    0x0800362c   0x0800362c   0x00000024   Code   RO         3948    i.prvTimerTask      timers.o
    0x08003650   0x08003650   0x0000006a   Code   RO         3178    i.prvUnlockQueue    queue.o
    0x080036ba   0x080036ba   0x00000002   PAD
    0x080036bc   0x080036bc   0x000000e8   Code   RO         4630    i.pvPortMalloc      heap_4.o
    0x080037a4   0x080037a4   0x0000002c   Code   RO         4685    i.pxPortInitialiseStack  port.o
    0x080037d0   0x080037d0   0x00000026   Code   RO         3133    i.uxListRemove      list.o
    0x080037f6   0x080037f6   0x00000002   PAD
    0x080037f8   0x080037f8   0x00000014   Code   RO         4188    i.vApplicationGetIdleTaskMemory  cmsis_os2.o
    0x0800380c   0x0800380c   0x00000014   Code   RO         4189    i.vApplicationGetTimerTaskMemory  cmsis_os2.o
    0x08003820   0x08003820   0x00000002   Code   RO          273    i.vApplicationMallocFailedHook  freertos.o
    0x08003822   0x08003822   0x00000002   Code   RO          274    i.vApplicationStackOverflowHook  freertos.o
    0x08003824   0x08003824   0x00000016   Code   RO         3134    i.vListInitialise   list.o
    0x0800383a   0x0800383a   0x00000006   Code   RO         3135    i.vListInitialiseItem  list.o
    0x08003840   0x08003840   0x00000030   Code   RO         3136    i.vListInsert       list.o
    0x08003870   0x08003870   0x00000018   Code   RO         3137    i.vListInsertEnd    list.o
    0x08003888   0x08003888   0x00000040   Code   RO         4687    i.vPortEnterCritical  port.o
    0x080038c8   0x080038c8   0x00000028   Code   RO         4688    i.vPortExitCritical  port.o
    0x080038f0   0x080038f0   0x00000064   Code   RO         4631    i.vPortFree         heap_4.o
    0x08003954   0x08003954   0x00000024   Code   RO         4689    i.vPortSetupTimerInterrupt  port.o
    0x08003978   0x08003978   0x00000054   Code   RO         4690    i.vPortValidateInterruptPriority  port.o
    0x080039cc   0x080039cc   0x00000028   Code   RO         3184    i.vQueueAddToRegistry  queue.o
    0x080039f4   0x080039f4   0x00000044   Code   RO         3188    i.vQueueWaitForMessageRestricted  queue.o
    0x08003a38   0x08003a38   0x0000004c   Code   RO         3595    i.vTaskDelay        tasks.o
    0x08003a84   0x08003a84   0x00000010   Code   RO         3600    i.vTaskInternalSetTimeOutState  tasks.o
    0x08003a94   0x08003a94   0x0000000c   Code   RO         3601    i.vTaskMissedYield  tasks.o
    0x08003aa0   0x08003aa0   0x00000030   Code   RO         3603    i.vTaskPlaceOnEventList  tasks.o
    0x08003ad0   0x08003ad0   0x00000038   Code   RO         3604    i.vTaskPlaceOnEventListRestricted  tasks.o
    0x08003b08   0x08003b08   0x00000088   Code   RO         3612    i.vTaskStartScheduler  tasks.o
    0x08003b90   0x08003b90   0x00000010   Code   RO         3614    i.vTaskSuspendAll   tasks.o
    0x08003ba0   0x08003ba0   0x0000008c   Code   RO         3615    i.vTaskSwitchContext  tasks.o
    0x08003c2c   0x08003c2c   0x000000f4   Code   RO         4691    i.xPortStartScheduler  port.o
    0x08003d20   0x08003d20   0x0000002c   Code   RO         4692    i.xPortSysTickHandler  port.o
    0x08003d4c   0x08003d4c   0x00000066   Code   RO         3194    i.xQueueGenericCreateStatic  queue.o
    0x08003db2   0x08003db2   0x00000002   PAD
    0x08003db4   0x08003db4   0x00000088   Code   RO         3195    i.xQueueGenericReset  queue.o
    0x08003e3c   0x08003e3c   0x00000160   Code   RO         3196    i.xQueueGenericSend  queue.o
    0x08003f9c   0x08003f9c   0x000000be   Code   RO         3197    i.xQueueGenericSendFromISR  queue.o
    0x0800405a   0x0800405a   0x00000002   PAD
    0x0800405c   0x0800405c   0x00000138   Code   RO         3206    i.xQueueReceive     queue.o
    0x08004194   0x08004194   0x00000074   Code   RO         3617    i.xTaskCheckForTimeOut  tasks.o
    0x08004208   0x08004208   0x0000005a   Code   RO         3618    i.xTaskCreate       tasks.o
    0x08004262   0x08004262   0x00000056   Code   RO         3619    i.xTaskCreateStatic  tasks.o
    0x080042b8   0x080042b8   0x0000001c   Code   RO         3623    i.xTaskGetSchedulerState  tasks.o
    0x080042d4   0x080042d4   0x0000000c   Code   RO         3624    i.xTaskGetTickCount  tasks.o
    0x080042e0   0x080042e0   0x000000c8   Code   RO         3626    i.xTaskIncrementTick  tasks.o
    0x080043a8   0x080043a8   0x00000080   Code   RO         3629    i.xTaskPriorityDisinherit  tasks.o
    0x08004428   0x08004428   0x00000070   Code   RO         3631    i.xTaskRemoveFromEventList  tasks.o
    0x08004498   0x08004498   0x000000c4   Code   RO         3632    i.xTaskResumeAll    tasks.o
    0x0800455c   0x0800455c   0x00000060   Code   RO         3957    i.xTimerCreateTimerTask  timers.o
    0x080045bc   0x080045bc   0x00000068   Code   RO         3958    i.xTimerGenericCommand  timers.o
    0x08004624   0x08004624   0x0000000a   Code   RO         5223    x$fpl$fpinit        fz_wm.l(fpinit.o)
    0x0800462e   0x0800462e   0x00000002   PAD
    0x08004630   0x08004630   0x00000024   Data   RO          275    .constdata          freertos.o
    0x08004654   0x08004654   0x00000010   Data   RO         2969    .constdata          system_stm32f4xx.o
    0x08004664   0x08004664   0x00000008   Data   RO         2970    .constdata          system_stm32f4xx.o
    0x0800466c   0x0800466c   0x0000000c   Data   RO          276    .conststring        freertos.o
    0x08004678   0x08004678   0x00000020   Data   RO         5281    Region$$Table       anon$$obj.o


    Execution Region RW_IRAM1 (Exec base: 0x20000000, Load base: 0x08004698, Size: 0x00006868, Max: 0x0001c000, ABSOLUTE)

    Exec Addr    Load Addr    Size         Type   Attr      Idx    E Section Name        Object

    0x20000000   0x08004698   0x00000004   Data   RW          289    .data               freertos.o
    0x20000004   0x0800469c   0x00000004   Data   RW          343    .data               can.o
    0x20000008   0x080046a0   0x0000000c   Data   RW         2736    .data               stm32f4xx_hal.o
    0x20000014   0x080046ac   0x00000004   Data   RW         2971    .data               system_stm32f4xx.o
    0x20000018   0x080046b0   0x0000003c   Data   RW         3635    .data               tasks.o
    0x20000054   0x080046ec   0x00000014   Data   RW         3966    .data               timers.o
    0x20000068   0x08004700   0x00000004   Data   RW         4193    .data               cmsis_os2.o
    0x2000006c   0x08004704   0x00000020   Data   RW         4637    .data               heap_4.o
    0x2000008c   0x08004724   0x0000000c   Data   RW         4693    .data               port.o
    0x20000098   0x08004730   0x00000010   Data   RW         4777    .data               dj.o
    0x200000a8   0x08004740   0x00000008   Data   RW         4948    .data               zdrive.o
    0x200000b0   0x08004748   0x00000001   Data   RW         4949    .data               zdrive.o
    0x200000b1   0x08004749   0x00000003   PAD
    0x200000b4        -       0x00000050   Zero   RW          342    .bss                can.o
    0x20000104        -       0x00000090   Zero   RW          391    .bss                tim.o
    0x20000194        -       0x00000048   Zero   RW          574    .bss                stm32f4xx_hal_timebase_tim.o
    0x200001dc        -       0x00000040   Zero   RW         3210    .bss                queue.o
    0x2000021c        -       0x000004c4   Zero   RW         3634    .bss                tasks.o
    0x200006e0        -       0x00000118   Zero   RW         3965    .bss                timers.o
    0x200007f8        -       0x000003c0   Zero   RW         4192    .bss                cmsis_os2.o
    0x20000bb8        -       0x00003c00   Zero   RW         4636    .bss                heap_4.o
    0x200047b8        -       0x00000818   Zero   RW         4775    .bss                dj.o
    0x20004fd0        -       0x0000001c   Zero   RW         4776    .bss                dj.o
    0x20004fec        -       0x00000518   Zero   RW         4942    .bss                zdrive.o
    0x20005504        -       0x000006e8   Zero   RW         4943    .bss                zdrive.o
    0x20005bec        -       0x0000001c   Zero   RW         4945    .bss                zdrive.o
    0x20005c08        -       0x00000060   Zero   RW         5153    .bss                c_w.l(libspace.o)
    0x20005c68        -       0x00000400   Zero   RW            2    HEAP                startup_stm32f405xx.o
    0x20006068        -       0x00000800   Zero   RW            1    STACK               startup_stm32f405xx.o


    Execution Region RW_IRAM2 (Exec base: 0x2001c000, Load base: 0x0800474c, Size: 0x00000000, Max: 0x00004000, ABSOLUTE)

    **** No section assigned to this execution region ****


==============================================================================

Image component sizes


      Code (inc. data)   RO Data    RW Data    ZI Data      Debug   Object Name

       576         42          0          4         80       2590   can.o
       322         20          0          4        960      50535   cmsis_os2.o
      1850         80          0         16       2100      10311   dj.o
         0          0          0          0          0      19288   event_groups.o
        48         14         48          4          0       3052   freertos.o
       132         10          0          0          0        895   gpio.o
       484         26          0         32      15360       4783   heap_4.o
       140          4          0          0          0     643695   led.o
       138          0          0          0          0       3434   list.o
       412         60          0          0          0      17164   main.o
        10          0          0          0          0       1031   mathfun.o
       786         82          0         12          0      11289   port.o
      1514         20          0          0         64      17140   queue.o
        64         26        392          0       3072        824   startup_stm32f405xx.o
       116         18          0         12          0       8590   stm32f4xx_hal.o
      1620          6          0          0          0      13895   stm32f4xx_hal_can.o
       158         14          0          0          0      32938   stm32f4xx_hal_cortex.o
       506         46          0          0          0       2140   stm32f4xx_hal_gpio.o
        56          4          0          0          0        830   stm32f4xx_hal_msp.o
      1380         74          0          0          0       5214   stm32f4xx_hal_rcc.o
      1064         72          0          0          0      10073   stm32f4xx_hal_tim.o
       148         28          0          0          0       2417   stm32f4xx_hal_tim_ex.o
       140         20          0          0         72       1379   stm32f4xx_hal_timebase_tim.o
       120         54          0          0          0       6758   stm32f4xx_it.o
         0          0          0          0          0       9372   stream_buffer.o
        16          4         24          4          0       1075   system_stm32f4xx.o
      2124        166          0         60       1220      26540   tasks.o
       324         24          0          0        144       2347   tim.o
       972         80          0         20        280      31755   timers.o
      1390         68          0          9       3100      11297   zdrive.o

    ----------------------------------------------------------------------
     16646       1062        496        180      26452     952651   Object Totals
         0          0         32          0          0          0   (incl. Generated)
        36          0          0          3          0          0   (incl. Padding)

    ----------------------------------------------------------------------

      Code (inc. data)   RO Data    RW Data    ZI Data      Debug   Library Member Name

         8          0          0          0          0         68   __main.o
         0          0          0          0          0          0   __rtentry.o
        12          0          0          0          0          0   __rtentry2.o
         6          0          0          0          0          0   __rtentry4.o
        52          8          0          0          0          0   __scatter.o
        26          0          0          0          0          0   __scatter_copy.o
        28          0          0          0          0          0   __scatter_zi.o
        16          0          0          0          0         68   aeabi_memset.o
        18          0          0          0          0         80   exit.o
         6          0          0          0          0        152   heapauxi.o
         0          0          0          0          0          0   indicate_semi.o
         2          0          0          0          0          0   libinit.o
         6          0          0          0          0          0   libinit2.o
         2          0          0          0          0          0   libshutdown.o
         2          0          0          0          0          0   libshutdown2.o
         8          4          0          0         96         68   libspace.o
       238          0          0          0          0        100   lludivv7m.o
        68          0          0          0          0         68   rt_memclr.o
        78          0          0          0          0         80   rt_memclr_w.o
       138          0          0          0          0         68   rt_memcpy_v6.o
       100          0          0          0          0         80   rt_memcpy_w.o
         2          0          0          0          0          0   rtexit.o
        10          0          0          0          0          0   rtexit2.o
        12          4          0          0          0         68   sys_exit.o
        74          0          0          0          0         80   sys_stackheap_outer.o
         2          0          0          0          0         68   use_no_semi.o
        10          0          0          0          0        116   fpinit.o

    ----------------------------------------------------------------------
       930         16          0          0         96       1164   Library Totals
         6          0          0          0          0          0   (incl. Padding)

    ----------------------------------------------------------------------

      Code (inc. data)   RO Data    RW Data    ZI Data      Debug   Library Name

       914         16          0          0         96       1048   c_w.l
        10          0          0          0          0        116   fz_wm.l

    ----------------------------------------------------------------------
       930         16          0          0         96       1164   Library Totals

    ----------------------------------------------------------------------

==============================================================================


      Code (inc. data)   RO Data    RW Data    ZI Data      Debug   

     17576       1078        496        180      26548     936847   Grand Totals
     17576       1078        496        180      26548     936847   ELF Image Totals
     17576       1078        496        180          0          0   ROM Totals

==============================================================================

    Total RO  Size (Code + RO Data)                18072 (  17.65kB)
    Total RW  Size (RW Data + ZI Data)             26728 (  26.10kB)
    Total ROM Size (Code + RO Data + RW Data)      18252 (  17.82kB)

==============================================================================

